CCS PCM C Compiler, Version 5.015, 5967               02-Thg4-21 07:29

               Filename:   E:\PIC16F877A\CCS\test\main.lst

               ROM used:   62 words (1%)
                           Largest free fragment is 2048
               RAM used:   6 (2%) at main() level
                           7 (2%) worst case
               Stack used: 1 locations
               Stack size: 8

*
0000:  MOVLW  00
0001:  MOVWF  0A
0002:  GOTO   018
0003:  NOP
.................... #include <16F877A.h> 
.................... //////////// Standard Header file for the PIC16F877A device //////////////// 
.................... /////////////////////////////////////////////////////////////////////////// 
.................... ////        (C) Copyright 1996, 2013 Custom Computer Services          //// 
.................... //// This source code may only be used by licensed users of the CCS C  //// 
.................... //// compiler.  This source code may only be distributed to other      //// 
.................... //// licensed users of the CCS C compiler.  No other use, reproduction //// 
.................... //// or distribution is permitted without written permission.          //// 
.................... //// Derivative programs created using this software in object code    //// 
.................... //// form are not restricted in any way.                               //// 
.................... /////////////////////////////////////////////////////////////////////////// 
.................... #device PIC16F877A 
....................  
.................... #list 
....................  
.................... #fuses NOWDT, PUT, XT, NOPROTECT 
.................... #use delay(clock = 20000000) 
0004:  MOVLW  22
0005:  MOVWF  04
0006:  BCF    03.7
0007:  MOVF   00,W
0008:  BTFSC  03.2
0009:  GOTO   017
000A:  MOVLW  06
000B:  MOVWF  78
000C:  CLRF   77
000D:  DECFSZ 77,F
000E:  GOTO   00D
000F:  DECFSZ 78,F
0010:  GOTO   00C
0011:  MOVLW  7B
0012:  MOVWF  77
0013:  DECFSZ 77,F
0014:  GOTO   013
0015:  DECFSZ 00,F
0016:  GOTO   00A
0017:  RETURN
.................... void main(){ 
0018:  MOVF   03,W
0019:  ANDLW  1F
001A:  MOVWF  03
001B:  BSF    03.5
001C:  BSF    1F.0
001D:  BSF    1F.1
001E:  BSF    1F.2
001F:  BCF    1F.3
0020:  MOVLW  07
0021:  MOVWF  1C
0022:  BCF    03.7
.................... set_tris_b(0); 
0023:  MOVLW  00
0024:  MOVWF  06
.................... while(1){ 
.................... output_b(0x00); 
0025:  CLRF   06
0026:  BCF    03.5
0027:  CLRF   06
.................... delay_ms(1000); 
0028:  MOVLW  04
0029:  MOVWF  21
002A:  MOVLW  FA
002B:  MOVWF  22
002C:  CALL   004
002D:  DECFSZ 21,F
002E:  GOTO   02A
.................... output_b(0xff); 
002F:  BSF    03.5
0030:  CLRF   06
0031:  MOVLW  FF
0032:  BCF    03.5
0033:  MOVWF  06
.................... delay_ms(1000); 
0034:  MOVLW  04
0035:  MOVWF  21
0036:  MOVLW  FA
0037:  MOVWF  22
0038:  CALL   004
0039:  DECFSZ 21,F
003A:  GOTO   036
003B:  BSF    03.5
003C:  GOTO   025
.................... } 
....................  
.................... } 
003D:  SLEEP

Configuration Fuses:
   Word  1: 3F71   XT NOWDT PUT BROWNOUT NOLVP NOCPD NOWRT NODEBUG NOPROTECT
