Microchip MPLAB XC8 Compiler V2.10 ()

Linker command line:

--edf=C:\Program Files (x86)\Microchip\xc8\v2.10\pic\dat\en_msgs.txt -cs \
  -h+dist/default/production\int2.X.production.sym \
  --cmf=dist/default/production\int2.X.production.cmf -z -Q16F877A \
  -oC:\Users\BinhNGO\AppData\Local\Temp\sg5k.2 \
  -Mdist/default/production/int2.X.production.map -E1 -ver=XC8 \
  -ASTACK=0110h-016Fh -pstack=STACK -ACODE=00h-07FFhx4 -ASTRCODE=00h-01FFFh \
  -ASTRING=00h-0FFhx32 -ACONST=00h-0FFhx32 -AENTRY=00h-0FFhx32 \
  -ACOMMON=070h-07Fh -ABANK0=020h-06Fh -ABANK1=0A0h-0EFh \
  -ABANK2=0110h-016Fh -ABANK3=0190h-01EFh \
  -ARAM=020h-06Fh,0A0h-0EFh,0110h-016Fh,0190h-01EFh \
  -AABS1=020h-07Fh,0A0h-0EFh,0110h-016Fh,0190h-01EFh -ASFR0=00h-01Fh \
  -ASFR1=080h-09Fh -ASFR2=0100h-010Fh -ASFR3=0180h-018Fh \
  -preset_vec=00h,intentry=04h,init,end_init -ppowerup=CODE -pcinit=CODE \
  -pfunctab=ENTRY -ACONFIG=02007h-02007h -pconfig=CONFIG -DCONFIG=2 \
  -AIDLOC=02000h-02003h -pidloc=IDLOC -DIDLOC=2 -AEEDATA=00h-0FFh/02100h \
  -peeprom_data=EEDATA -DEEDATA=2 -DCODE=2 -DSTRCODE=2 -DSTRING=2 -DCONST=2 \
  -DENTRY=2 -k C:\Users\BinhNGO\AppData\Local\Temp\sg5k.obj \
  dist/default/production\int2.X.production.obj 

Object code version is 3.11

Machine type is 16F877A



                Name                               Link     Load   Length Selector   Space Scale
C:\Users\BinhNGO\AppData\Local\Temp\sg5k.obj
                end_init                              C        C        3        8       0
                reset_vec                             0        0        3        0       0
dist/default/production\int2.X.production.obj
                cinit                                 F        F        6        8       0
                intentry                              4        4        8        8       0
                text1                                15       15       39        8       0
                maintext                             4E       4E       12        8       0
                cstackCOMMON                         70       70        6       70       1
                bssCOMMON                            76       76        2       70       1
                nvCOMMON                             78       78        1       70       1

TOTAL           Name                               Link     Load   Length     Space
        CLASS   STACK          

        CLASS   CODE           
                end_init                              C        C        3         0
                cinit                                 F        F        6         0
                intentry                              4        4        8         0
                reset_vec                             0        0        3         0
                text1                                15       15       39         0
                maintext                             4E       4E       12         0

        CLASS   STRCODE        

        CLASS   STRING         

        CLASS   CONST          

        CLASS   ENTRY          

        CLASS   COMMON         
                cstackCOMMON                         70       70        6         1
                bssCOMMON                            76       76        2         1
                nvCOMMON                             78       78        1         1

        CLASS   BANK0          

        CLASS   BANK1          

        CLASS   BANK2          

        CLASS   BANK3          

        CLASS   RAM            

        CLASS   ABS1           
                abs_s1                               7E       7E        2         1

        CLASS   SFR0           

        CLASS   SFR1           

        CLASS   SFR2           

        CLASS   SFR3           

        CLASS   CONFIG         

        CLASS   IDLOC          

        CLASS   EEDATA         



SEGMENTS        Name                           Load    Length   Top    Selector   Space  Class     Delta

                reset_vec                      000000  000003  000003         0       0  CODE        2
                intentry                       000004  00005C  000060         8       0  CODE        2
                cstackCOMMON                   000070  000009  000079        70       1  COMMON      1


UNUSED ADDRESS RANGES

        Name                Unused          Largest block    Delta
        BANK0            020-06F            50           1
        BANK1            0A0-0EF            50           1
        BANK2            110-16F            60           1
        BANK3            190-1EF            60           1
        CODE             003-003             1           2
                         060-1FFF           800
        COMMON           079-07D             5           1
        CONFIG           2007-2007             1           2
        CONST            003-003             1           2
                         060-1FFF           100
        EEDATA           2100-21FF           100           2
        ENTRY            003-003             1           2
                         060-1FFF           100
        IDLOC            2000-2003             4           2
        RAM              020-06F            50           1
                         0A0-0EF            50
                         110-16F            60
                         190-1EF            60
        SFR0             000-01F            20           1
        SFR1             080-09F            20           1
        SFR2             100-10F            10           1
        SFR3             180-18F            10           1
        STACK            110-16F            60           1
        STRCODE          003-003             1           2
                         060-1FFF          1FA0
        STRING           003-003             1           2
                         060-1FFF           100

                                  Symbol Table

ISR@key_pressed          cstackCOMMON 074
ISR@new_PORTB            cstackCOMMON 073
_INTCON                  (abs)        00B
_ISR                     text1        015
_OPTION_REG              (abs)        081
_PORTB                   (abs)        006
_PORTD                   (abs)        008
_RBIF                    (abs)        058
_TRISB0                  (abs)        430
_TRISD                   (abs)        088
__Habs1                  abs1         000
__Hbank0                 bank0        000
__Hbank1                 bank1        000
__Hbank2                 bank2        000
__Hbank3                 bank3        000
__HbssCOMMON             bssCOMMON    000
__Hcinit                 cinit        015
__Hclrtext               clrtext      000
__Hcode                  code         000
__Hcommon                common       000
__Hconfig                config       000
__HcstackCOMMON          cstackCOMMON 000
__Heeprom_data           eeprom_data  000
__Hend_init              end_init     00F
__Hfunctab               functab      000
__Hidloc                 idloc        000
__Hinit                  init         00C
__Hintentry              intentry     00C
__Hmaintext              maintext     000
__HnvCOMMON              nvCOMMON     000
__Hpowerup               powerup      000
__Hram                   ram          000
__Hreset_vec             reset_vec    003
__Hsfr0                  sfr0         000
__Hsfr1                  sfr1         000
__Hsfr2                  sfr2         000
__Hsfr3                  sfr3         000
__Hspace_0               (abs)        060
__Hspace_1               (abs)        079
__Hspace_2               (abs)        000
__Hspace_3               (abs)        000
__Hstack                 stack        000
__Hstrings               strings      000
__Htext                  text         000
__Labs1                  abs1         000
__Lbank0                 bank0        000
__Lbank1                 bank1        000
__Lbank2                 bank2        000
__Lbank3                 bank3        000
__LbssCOMMON             bssCOMMON    000
__Lcinit                 cinit        00F
__Lclrtext               clrtext      000
__Lcode                  code         000
__Lcommon                common       000
__Lconfig                config       000
__LcstackCOMMON          cstackCOMMON 000
__Leeprom_data           eeprom_data  000
__Lend_init              end_init     00C
__Lfunctab               functab      000
__Lidloc                 idloc        000
__Linit                  init         00C
__Lintentry              intentry     004
__Lmaintext              maintext     000
__LnvCOMMON              nvCOMMON     000
__Lpowerup               powerup      000
__Lram                   ram          000
__Lreset_vec             reset_vec    000
__Lsfr0                  sfr0         000
__Lsfr1                  sfr1         000
__Lsfr2                  sfr2         000
__Lsfr3                  sfr3         000
__Lspace_0               (abs)        000
__Lspace_1               (abs)        000
__Lspace_2               (abs)        000
__Lspace_3               (abs)        000
__Lstack                 stack        000
__Lstrings               strings      000
__Ltext                  text         000
__S0                     (abs)        060
__S1                     (abs)        079
__S2                     (abs)        000
__S3                     (abs)        000
___int_sp                stack        000
___latbits               (abs)        002
___sp                    stack        000
___stackhi               (abs)        000
___stacklo               (abs)        000
__end_of_ISR             text1        04E
__end_of__initialization cinit        011
__end_of_main            maintext     060
__initialization         cinit        00F
__pbssCOMMON             bssCOMMON    076
__pcstackCOMMON          cstackCOMMON 070
__pintentry              intentry     004
__pmaintext              maintext     04E
__pnvCOMMON              nvCOMMON     078
__ptext1                 text1        015
__size_of_ISR            (abs)        000
__size_of_main           (abs)        000
_i                       bssCOMMON    076
_main                    maintext     04E
_old_PORTB               nvCOMMON     078
btemp                    (abs)        07E
end_of_initialization    cinit        011
interrupt_function       intentry     004
intlevel0                functab      000
intlevel1                functab      000
intlevel2                functab      000
intlevel3                functab      000
intlevel4                functab      000
intlevel5                functab      000
reset_vec                reset_vec    000
saved_w                  (abs)        07E
start                    init         00C
start_initialization     cinit        00F
wtemp0                   (abs)        07E


FUNCTION INFORMATION:

 *************** function _main *****************
 Defined at:
		line 43 in file "newmain.c"
 Parameters:    Size  Location     Type
		None
 Auto vars:     Size  Location     Type
		None
 Return value:  Size  Location     Type
                  1    wreg      void 
 Registers used:
		wreg, status,2, status,0
 Tracked objects:
		On entry : 
		On exit  : 
		Unchanged: 
 Data sizes:     COMMON   BANK0   BANK1   BANK3   BANK2
      Params:         0       0       0       0       0
      Locals:         0       0       0       0       0
      Temps:          1       0       0       0       0
      Totals:         1       0       0       0       0
Total ram usage:        1 bytes
 Hardware stack levels required when called:    1
 This function calls:
		Nothing
 This function is called by:
		Startup code after reset
 This function uses a non-reentrant model


 *************** function _ISR *****************
 Defined at:
		line 23 in file "newmain.c"
 Parameters:    Size  Location     Type
		None
 Auto vars:     Size  Location     Type
  key_pressed     1    4[COMMON] unsigned char 
  new_PORTB       1    3[COMMON] unsigned char 
 Return value:  Size  Location     Type
                  1    wreg      void 
 Registers used:
		wreg, status,2, status,0
 Tracked objects:
		On entry : 
		On exit  : 
		Unchanged: 
 Data sizes:     COMMON   BANK0   BANK1   BANK3   BANK2
      Params:         0       0       0       0       0
      Locals:         2       0       0       0       0
      Temps:          3       0       0       0       0
      Totals:         5       0       0       0       0
Total ram usage:        5 bytes
 Hardware stack levels used:    1
 This function calls:
		Nothing
 This function is called by:
		Interrupt level 1
 This function uses a non-reentrant model



MODULE INFORMATION

Module		Function		Class		Link	Load	Size
newmain.c
		_ISR           		CODE           	0015	0000	58
		_main          		CODE           	004E	0000	19

newmain.c estimated size: 77

shared
		__initialization		CODE           	000F	0000	3

shared estimated size: 3

