HI-TECH Software C Compiler 

Linker command line:

--edf=C:\Program Files (x86)\HI-TECH Software\PICC\9.81\dat\en_msgs.txt -cs \
  -h+dist/default/production\keypad-.X.production.sym -z -Q16F877A -ol.obj \
  -Mdist/default/production/keypad-.X.production.map -E1 \
  -ACONST=00h-0FFhx32 -ACODE=00h-07FFhx4 -ASTRCODE=00h-01FFFh \
  -AENTRY=00h-0FFhx32 -ASTRING=00h-0FFhx32 -ABANK0=020h-06Fh \
  -ABANK1=0A0h-0EFh -ABANK2=0110h-016Fh -ABANK3=0190h-01EFh \
  -ARAM=020h-06Fh,0A0h-0EFh,0110h-016Fh,0190h-01EFh \
  -AABS1=020h-07Fh,0A0h-0EFh,0110h-016Fh,0190h-01EFh -ACOMMON=070h-07Fh \
  -ASFR0=00h-01Fh -ASFR1=080h-09Fh -ASFR2=0100h-010Fh -ASFR3=0180h-018Fh \
  -preset_vec=00h,intentry,init,end_init -ppowerup=CODE -pfunctab=CODE \
  -ACONFIG=02007h-02007h -pconfig=CONFIG -DCONFIG=2 -AIDLOC=02000h-02003h \
  -pidloc=IDLOC -DIDLOC=2 -AEEDATA=00h-0FFh/02100h -peeprom_data=EEDATA \
  -DEEDATA=2 -DCODE=2 -DSTRCODE=2 -DSTRING=2 -DCONST=2 -DENTRY=2 -k \
  C:\Users\tamin\AppData\Local\Temp\s540.obj \
  dist/default/production\keypad-.X.production.obj 

Object code version is 3.10

Machine type is 16F877A



                Name                               Link     Load   Length Selector   Space Scale
C:\Users\tamin\AppData\Local\Temp\s540.obj
                end_init                              0        0        3        0       0
dist/default/production\keypad-.X.production.obj
                config                             2007     2007        1     400E       0
                text87                              5CB      5CB        9      B96       0
                text86                              6F1      6F1      10F      DE2       0
                text85                              68D      68D       64      D1A       0
                text84                              649      649       44      C92       0
                maintext                            611      611       38      C22       0
                cstackCOMMON                         70       70        C       70       1
                inittext                            5E4      5E4       11      BC8       0
                dataBANK0                            20       20       10       20       1
                bssBANK0                             30       30        8       20       1
                bssCOMMON                            7C       7C        2       70       1
                cinit                               5F5      5F5       1C      BEA       0
                idataBANK0                          5D4      5D4       10      BA8       0

TOTAL           Name                               Link     Load   Length     Space
        CLASS   CONST          

        CLASS   CODE           
                end_init                              0        0        3         0
                text87                              5CB      5CB        9         0
                text86                              6F1      6F1      10F         0
                text85                              68D      68D       64         0
                text84                              649      649       44         0
                maintext                            611      611       38         0
                inittext                            5E4      5E4       11         0
                cinit                               5F5      5F5       1C         0
                idataBANK0                          5D4      5D4       10         0

        CLASS   STRCODE        

        CLASS   ENTRY          

        CLASS   STRING         

        CLASS   BANK0          
                dataBANK0                            20       20       10         1
                bssBANK0                             30       30        8         1

        CLASS   BANK1          

        CLASS   BANK2          

        CLASS   BANK3          

        CLASS   RAM            

        CLASS   ABS1           
                abs_s1                               7E       7E        2         1

        CLASS   COMMON         
                cstackCOMMON                         70       70        C         1
                bssCOMMON                            7C       7C        2         1

        CLASS   SFR0           

        CLASS   SFR1           

        CLASS   SFR2           

        CLASS   SFR3           

        CLASS   CONFIG         
                config                             2007     2007        1         0

        CLASS   IDLOC          

        CLASS   EEDATA         



SEGMENTS        Name                           Load    Length   Top    Selector   Space  Class     Delta

                reset_vec                      000000  000003  000003         0       0  CODE        2
                dataBANK0                      000020  000018  000038        20       1  BANK0       1
                cstackCOMMON                   000070  00000E  00007E        70       1  COMMON      1
                text87                         0005CB  000009  0005D4       B96       0  CODE        2
                idataBANK0                     0005D4  000010  0005E4       BA8       0  CODE        2
                inittext                       0005E4  000011  0005F5       BC8       0  CODE        2
                cinit                          0005F5  00001C  000611       BEA       0  CODE        2
                maintext                       000611  000038  000649       C22       0  CODE        2
                text84                         000649  000044  00068D       C92       0  CODE        2
                text85                         00068D  000064  0006F1       D1A       0  CODE        2
                text86                         0006F1  00010F  000800       DE2       0  CODE        2
                config                         002007  000001  002008      400E       0  CONFIG      2


UNUSED ADDRESS RANGES

        Name                Unused          Largest block    Delta
        BANK0            0038-006F             38           1
        BANK1            00A0-00EF             50           1
        BANK2            0110-016F             60           1
        BANK3            0190-01EF             60           1
        CODE             0003-05CA            5C8           2
                         0800-1FFF            800
        CONST            0003-05CA            100           2
                         0800-1FFF            100
        EEDATA           2100-21FF            100           2
        ENTRY            0003-05CA            100           2
                         0800-1FFF            100
        IDLOC            2000-2003              4           2
        RAM              0038-006F             38           1
                         00A0-00EF             50
                         0110-016F             60
                         0190-01EF             60
        SFR0             0000-001F             20           1
        SFR1             0080-009F             20           1
        SFR2             0100-010F             10           1
        SFR3             0180-018F             10           1
        STRCODE          0003-05CA            5C8           2
                         0800-1FFF           1800
        STRING           0003-05CA            100           2
                         0800-1FFF            100

                                  Symbol Table

??___lwmod            cstackCOMMON 0074
??_key                cstackCOMMON 0070
??_keyinit            cstackCOMMON 0070
??_main               cstackCOMMON 0078
??_mask               cstackCOMMON 0078
?___lwmod             cstackCOMMON 0070
?_key                 cstackCOMMON 0070
?_keyinit             cstackCOMMON 0070
?_main                cstackCOMMON 0070
?_mask                cstackCOMMON 0076
_OPTION_REG           (abs)        0081
_PORTB                (abs)        0006
_PORTD                (abs)        0008
_RB0                  (abs)        0030
_RB1                  (abs)        0031
_RB2                  (abs)        0032
_RB3                  (abs)        0033
_RB4                  (abs)        0034
_RB5                  (abs)        0035
_RB6                  (abs)        0036
_RB7                  (abs)        0037
_TRISB                (abs)        0086
_TRISD                (abs)        0088
__Habs1               abs1         0000
__Hbank0              bank0        0000
__Hbank1              bank1        0000
__Hbank2              bank2        0000
__Hbank3              bank3        0000
__HbssBANK0           bssBANK0     0000
__HbssCOMMON          bssCOMMON    0000
__Hcinit              cinit        0000
__Hclrtext            clrtext      0000
__Hcode               code         0000
__Hcommon             common       0000
__Hconfig             config       2008
__HcstackCOMMON       cstackCOMMON 0000
__HdataBANK0          dataBANK0    0000
__Heeprom_data        eeprom_data  0000
__Hend_init           end_init     0003
__Hfunctab            functab      0000
__HidataBANK0         idataBANK0   0000
__Hidloc              idloc        0000
__Hinit               init         0000
__Hinittext           inittext     0000
__Hintentry           intentry     0000
__Hmaintext           maintext     0000
__Hpowerup            powerup      0000
__Hram                ram          0000
__Hreset_vec          reset_vec    0000
__Hsfr0               sfr0         0000
__Hsfr1               sfr1         0000
__Hsfr2               sfr2         0000
__Hsfr3               sfr3         0000
__Hstrings            strings      0000
__Htext               text         0000
__Labs1               abs1         0000
__Lbank0              bank0        0000
__Lbank1              bank1        0000
__Lbank2              bank2        0000
__Lbank3              bank3        0000
__LbssBANK0           bssBANK0     0000
__LbssCOMMON          bssCOMMON    0000
__Lcinit              cinit        0000
__Lclrtext            clrtext      0000
__Lcode               code         0000
__Lcommon             common       0000
__Lconfig             config       2007
__LcstackCOMMON       cstackCOMMON 0000
__LdataBANK0          dataBANK0    0000
__Leeprom_data        eeprom_data  0000
__Lend_init           end_init     0000
__Lfunctab            functab      0000
__LidataBANK0         idataBANK0   0000
__Lidloc              idloc        0000
__Linit               init         0000
__Linittext           inittext     0000
__Lintentry           intentry     0000
__Lmaintext           maintext     0000
__Lpowerup            powerup      0000
__Lram                ram          0000
__Lreset_vec          reset_vec    0000
__Lsfr0               sfr0         0000
__Lsfr1               sfr1         0000
__Lsfr2               sfr2         0000
__Lsfr3               sfr3         0000
__Lstrings            strings      0000
__Ltext               text         0000
__S0                  (abs)        2008
__S1                  (abs)        007E
__S2                  (abs)        0000
___lwmod              text84       0649
___lwmod@counter      cstackCOMMON 0075
___lwmod@dividend     cstackCOMMON 0072
___lwmod@divisor      cstackCOMMON 0070
__end_of___lwmod      text84       068D
__end_of_key          text86       0800
__end_of_keyinit      text87       05D4
__end_of_main         maintext     0649
__end_of_mask         text85       06F1
__pbssBANK0           bssBANK0     0030
__pbssCOMMON          bssCOMMON    007C
__pcstackCOMMON       cstackCOMMON 0070
__pdataBANK0          dataBANK0    0020
__pidataBANK0         idataBANK0   05D4
__pmaintext           maintext     0611
__ptext84             text84       0649
__ptext85             text85       068D
__ptext86             text86       06F1
__ptext87             text87       05CB
__ptext88             text88       0000
__size_of___lwmod     (abs)        0000
__size_of_key         (abs)        0000
__size_of_keyinit     (abs)        0000
__size_of_main        (abs)        0000
__size_of_mask        (abs)        0000
_colloc               bssCOMMON    007C
_dk                   bssBANK0     0030
_exit                 init         0000
_i                    bssBANK0     0032
_j                    bssBANK0     0034
_key                  text86       06F1
_keyinit              text87       05CB
_keypad               dataBANK0    0020
_main                 maintext     0611
_mask                 text85       068D
_num                  bssBANK0     0036
_rowloc               bssCOMMON    007D
btemp                 (abs)        007E
end_of_initialization cinit        060D
init_fetch            inittext     05E4
init_ram              inittext     05E8
intlevel0             functab      0000
intlevel1             functab      0000
intlevel2             functab      0000
intlevel3             functab      0000
intlevel4             functab      0000
intlevel5             functab      0000
main@b                cstackCOMMON 007A
mask@num              cstackCOMMON 0076
reset_vec             reset_vec    0000
start                 init         0000
start_initialization  cinit        05F5
wtemp0                (abs)        007E
