HI-TECH Software C Compiler 

Linker command line:

--edf=C:\Program Files (x86)\HI-TECH Software\PICC\9.81\dat\en_msgs.txt -cs \
  -h+dist/default/production\LCD-.X.production.sym -z -Q16F877A -ol.obj \
  -Mdist/default/production/LCD-.X.production.map -E1 -ACONST=00h-0FFhx32 \
  -ACODE=00h-07FFhx4 -ASTRCODE=00h-01FFFh -AENTRY=00h-0FFhx32 \
  -ASTRING=00h-0FFhx32 -ABANK0=020h-06Fh -ABANK1=0A0h-0EFh \
  -ABANK2=0110h-016Fh -ABANK3=0190h-01EFh \
  -ARAM=020h-06Fh,0A0h-0EFh,0110h-016Fh,0190h-01EFh \
  -AABS1=020h-07Fh,0A0h-0EFh,0110h-016Fh,0190h-01EFh -ACOMMON=070h-07Fh \
  -ASFR0=00h-01Fh -ASFR1=080h-09Fh -ASFR2=0100h-010Fh -ASFR3=0180h-018Fh \
  -preset_vec=00h,intentry,init,end_init -ppowerup=CODE -pfunctab=CODE \
  -ACONFIG=02007h-02007h -pconfig=CONFIG -DCONFIG=2 -AIDLOC=02000h-02003h \
  -pidloc=IDLOC -DIDLOC=2 -AEEDATA=00h-0FFh/02100h -peeprom_data=EEDATA \
  -DEEDATA=2 -DCODE=2 -DSTRCODE=2 -DSTRING=2 -DCONST=2 -DENTRY=2 -k \
  C:\Users\tamin\AppData\Local\Temp\sefs.obj \
  dist/default/production\LCD-.X.production.obj 

Object code version is 3.10

Machine type is 16F877A



                Name                               Link     Load   Length Selector   Space Scale
C:\Users\tamin\AppData\Local\Temp\sefs.obj
                end_init                              0        0        3        0       0
dist/default/production\LCD-.X.production.obj
                text128                             5B7      5B7       1E      B6E       0
                text127                             59C      59C       1B      B38       0
                text126                             6FC      6FC       4E      DF8       0
                text125                             6B8      6B8       44      D70       0
                text124                             63C      63C       3E      C78       0
                text123                             67A      67A       3E      CF4       0
                text122                             5D5      5D5       1F      BAA       0
                text121                             5F4      5F4       21      BE8       0
                text120                             74A      74A       5B      E94       0
                text119                             7A5      7A5       5B      F4A       0
                maintext                            615      615       27      C2A       0
                cstackCOMMON                         70       70        8       70       1
                bssCOMMON                            78       78        4       70       1
                cinit                               594      594        8      B28       0
                strings                               3        3       10        6       0

TOTAL           Name                               Link     Load   Length     Space
        CLASS   CONST          

        CLASS   CODE           
                end_init                              0        0        3         0
                text128                             5B7      5B7       1E         0
                text127                             59C      59C       1B         0
                text126                             6FC      6FC       4E         0
                text125                             6B8      6B8       44         0
                text124                             63C      63C       3E         0
                text123                             67A      67A       3E         0
                text122                             5D5      5D5       1F         0
                text121                             5F4      5F4       21         0
                text120                             74A      74A       5B         0
                text119                             7A5      7A5       5B         0
                maintext                            615      615       27         0
                cinit                               594      594        8         0

        CLASS   STRCODE        

        CLASS   ENTRY          

        CLASS   STRING         
                strings                               3        3       10         0

        CLASS   BANK0          

        CLASS   BANK1          

        CLASS   BANK2          

        CLASS   BANK3          

        CLASS   RAM            

        CLASS   ABS1           
                abs_s1                               7E       7E        2         1

        CLASS   COMMON         
                cstackCOMMON                         70       70        8         1
                bssCOMMON                            78       78        4         1

        CLASS   SFR0           

        CLASS   SFR1           

        CLASS   SFR2           

        CLASS   SFR3           

        CLASS   CONFIG         

        CLASS   IDLOC          

        CLASS   EEDATA         



SEGMENTS        Name                           Load    Length   Top    Selector   Space  Class     Delta

                reset_vec                      000000  000003  000003         0       0  CODE        2
                strings                        000003  000010  000013         6       0  STRING      2
                cstackCOMMON                   000070  00000C  00007C        70       1  COMMON      1
                cinit                          000594  000008  00059C       B28       0  CODE        2
                text127                        00059C  00001B  0005B7       B38       0  CODE        2
                text128                        0005B7  00001E  0005D5       B6E       0  CODE        2
                text122                        0005D5  00001F  0005F4       BAA       0  CODE        2
                text121                        0005F4  000021  000615       BE8       0  CODE        2
                maintext                       000615  000027  00063C       C2A       0  CODE        2
                text124                        00063C  00003E  00067A       C78       0  CODE        2
                text123                        00067A  00003E  0006B8       CF4       0  CODE        2
                text125                        0006B8  000044  0006FC       D70       0  CODE        2
                text126                        0006FC  00004E  00074A       DF8       0  CODE        2
                text120                        00074A  00005B  0007A5       E94       0  CODE        2
                text119                        0007A5  00005B  000800       F4A       0  CODE        2


UNUSED ADDRESS RANGES

        Name                Unused          Largest block    Delta
        BANK0            0020-006F             50           1
        BANK1            00A0-00EF             50           1
        BANK2            0110-016F             60           1
        BANK3            0190-01EF             60           1
        CODE             0013-0593            581           2
                         0800-1FFF            800
        COMMON           007C-007D              2           1
        CONFIG           2007-2007              1           2
        CONST            0013-0593            100           2
                         0800-1FFF            100
        EEDATA           2100-21FF            100           2
        ENTRY            0013-0593            100           2
                         0800-1FFF            100
        IDLOC            2000-2003              4           2
        RAM              0020-006F             50           1
                         00A0-00EF             50
                         0110-016F             60
                         0190-01EF             60
        SFR0             0000-001F             20           1
        SFR1             0080-009F             20           1
        SFR2             0100-010F             10           1
        SFR3             0180-018F             10           1
        STRCODE          0013-0593            581           2
                         0800-1FFF           1800
        STRING           0013-0593            100           2
                         0800-1FFF            100

                                  Symbol Table

??___lwdiv            cstackCOMMON 0074
??___lwmod            cstackCOMMON 0074
??_cmd                cstackCOMMON 0072
??_dat                cstackCOMMON 0072
??_delay              cstackCOMMON 0072
??_lcd_delay          cstackCOMMON 0070
??_lcd_init           cstackCOMMON 0075
??_len                cstackCOMMON 0078
??_main               cstackCOMMON 0078
??_show               cstackCOMMON 0075
??_xuong              cstackCOMMON 0078
?___lwdiv             cstackCOMMON 0070
?___lwmod             cstackCOMMON 0070
?_cmd                 cstackCOMMON 0070
?_dat                 cstackCOMMON 0070
?_delay               cstackCOMMON 0070
?_lcd_delay           cstackCOMMON 0070
?_lcd_init            cstackCOMMON 0070
?_len                 cstackCOMMON 0070
?_main                cstackCOMMON 0070
?_show                cstackCOMMON 0070
?_xuong               cstackCOMMON 0070
_INTCON               (abs)        000B
_OPTION_REG           (abs)        0081
_PORTB                (abs)        0006
_RC0                  (abs)        0038
_RC1                  (abs)        0039
_TMR0IF               (abs)        005A
_TRISB                (abs)        0086
_TRISC0               (abs)        0438
_TRISC1               (abs)        0439
__Habs1               abs1         0000
__Hbank0              bank0        0000
__Hbank1              bank1        0000
__Hbank2              bank2        0000
__Hbank3              bank3        0000
__HbssCOMMON          bssCOMMON    0000
__Hcinit              cinit        0000
__Hclrtext            clrtext      0000
__Hcode               code         0000
__Hcommon             common       0000
__Hconfig             config       0000
__HcstackCOMMON       cstackCOMMON 0000
__Heeprom_data        eeprom_data  0000
__Hend_init           end_init     0003
__Hfunctab            functab      0000
__Hidloc              idloc        0000
__Hinit               init         0000
__Hintentry           intentry     0000
__Hmaintext           maintext     0000
__Hpowerup            powerup      0000
__Hram                ram          0000
__Hreset_vec          reset_vec    0000
__Hsfr0               sfr0         0000
__Hsfr1               sfr1         0000
__Hsfr2               sfr2         0000
__Hsfr3               sfr3         0000
__Hstrings            strings      0000
__Htext               text         0000
__Labs1               abs1         0000
__Lbank0              bank0        0000
__Lbank1              bank1        0000
__Lbank2              bank2        0000
__Lbank3              bank3        0000
__LbssCOMMON          bssCOMMON    0000
__Lcinit              cinit        0000
__Lclrtext            clrtext      0000
__Lcode               code         0000
__Lcommon             common       0000
__Lconfig             config       0000
__LcstackCOMMON       cstackCOMMON 0000
__Leeprom_data        eeprom_data  0000
__Lend_init           end_init     0000
__Lfunctab            functab      0000
__Lidloc              idloc        0000
__Linit               init         0000
__Lintentry           intentry     0000
__Lmaintext           maintext     0000
__Lpowerup            powerup      0000
__Lram                ram          0000
__Lreset_vec          reset_vec    0000
__Lsfr0               sfr0         0000
__Lsfr1               sfr1         0000
__Lsfr2               sfr2         0000
__Lsfr3               sfr3         0000
__Lstrings            strings      0000
__Ltext               text         0000
__S0                  (abs)        0800
__S1                  (abs)        007C
__S2                  (abs)        0000
___lwdiv              text126      06FC
___lwdiv@counter      cstackCOMMON 0077
___lwdiv@dividend     cstackCOMMON 0072
___lwdiv@divisor      cstackCOMMON 0070
___lwdiv@quotient     cstackCOMMON 0075
___lwmod              text125      06B8
___lwmod@counter      cstackCOMMON 0075
___lwmod@dividend     cstackCOMMON 0072
___lwmod@divisor      cstackCOMMON 0070
__end_of___lwdiv      text126      074A
__end_of___lwmod      text125      06FC
__end_of_cmd          text124      067A
__end_of_dat          text123      06B8
__end_of_delay        text127      05B7
__end_of_lcd_delay    text128      05D5
__end_of_lcd_init     text122      05F4
__end_of_len          text120      07A5
__end_of_main         maintext     063C
__end_of_show         text121      0615
__end_of_xuong        text119      0800
__pbssCOMMON          bssCOMMON    0078
__pcstackCOMMON       cstackCOMMON 0070
__pmaintext           maintext     0615
__pstrings            strings      0003
__ptext118            text118      0000
__ptext119            text119      07A5
__ptext120            text120      074A
__ptext121            text121      05F4
__ptext122            text122      05D5
__ptext123            text123      067A
__ptext124            text124      063C
__ptext125            text125      06B8
__ptext126            text126      06FC
__ptext127            text127      059C
__ptext128            text128      05B7
__ptext129            text129      0000
__size_of___lwdiv     (abs)        0000
__size_of___lwmod     (abs)        0000
__size_of_cmd         (abs)        0000
__size_of_dat         (abs)        0000
__size_of_delay       (abs)        0000
__size_of_lcd_delay   (abs)        0000
__size_of_lcd_init    (abs)        0000
__size_of_len         (abs)        0000
__size_of_main        (abs)        0000
__size_of_show        (abs)        0000
__size_of_xuong       (abs)        0000
_a                    bssCOMMON    0078
_cmd                  text124      063C
_dat                  text123      067A
_delay                text127      059C
_exit                 init         0000
_i                    bssCOMMON    007A
_lcd_delay            text128      05B7
_lcd_init             text122      05D5
_len                  text120      074A
_main                 maintext     0615
_show                 text121      05F4
_xuong                text119      07A5
btemp                 (abs)        007E
cmd@a                 cstackCOMMON 0074
dat@b                 cstackCOMMON 0074
delay@a               cstackCOMMON 0070
delay@i               cstackCOMMON 0072
end_of_initialization cinit        0598
intlevel0             functab      0000
intlevel1             functab      0000
intlevel2             functab      0000
intlevel3             functab      0000
intlevel4             functab      0000
intlevel5             functab      0000
lcd_delay@lcd_delay   cstackCOMMON 0070
reset_vec             reset_vec    0000
show@s                cstackCOMMON 0076
start                 init         0000
start_initialization  cinit        0594
wtemp0                (abs)        007E
