HI-TECH Software C Compiler 

Linker command line:

--edf=C:\Program Files (x86)\HI-TECH Software\PICC\9.81\dat\en_msgs.txt -cs \
  -h+dist/default/production\7SEG_BTVN.X.production.sym -z -Q16F877A \
  -ol.obj -Mdist/default/production/7SEG_BTVN.X.production.map -E1 \
  -ACONST=00h-0FFhx32 -ACODE=00h-07FFhx4 -ASTRCODE=00h-01FFFh \
  -AENTRY=00h-0FFhx32 -ASTRING=00h-0FFhx32 -ABANK0=020h-06Fh \
  -ABANK1=0A0h-0EFh -ABANK2=0110h-016Fh -ABANK3=0190h-01EFh \
  -ARAM=020h-06Fh,0A0h-0EFh,0110h-016Fh,0190h-01EFh \
  -AABS1=020h-07Fh,0A0h-0EFh,0110h-016Fh,0190h-01EFh -ACOMMON=070h-07Fh \
  -ASFR0=00h-01Fh -ASFR1=080h-09Fh -ASFR2=0100h-010Fh -ASFR3=0180h-018Fh \
  -preset_vec=00h,intentry=04h,init,end_init -ppowerup=CODE -pfunctab=CODE \
  -ACONFIG=02007h-02007h -pconfig=CONFIG -DCONFIG=2 -AIDLOC=02000h-02003h \
  -pidloc=IDLOC -DIDLOC=2 -AEEDATA=00h-0FFh/02100h -peeprom_data=EEDATA \
  -DEEDATA=2 -DCODE=2 -DSTRCODE=2 -DSTRING=2 -DCONST=2 -DENTRY=2 -k \
  C:\Users\tamin\AppData\Local\Temp\s8lg.obj \
  dist/default/production\7SEG_BTVN.X.production.obj 

Object code version is 3.10

Machine type is 16F877A



                Name                               Link     Load   Length Selector   Space Scale
C:\Users\tamin\AppData\Local\Temp\s8lg.obj
                end_init                             12       12        3        8       0
                reset_vec                             0        0        3        0       0
dist/default/production\7SEG_BTVN.X.production.obj
                intentry                              4        4        E        8       0
                config                             2007     2007        1     400E       0
                text237                             21D      21D       2C        8       0
                text236                             26C      26C       20        8       0
                text235                             28C      28C       17        8       0
                text234                              15       15       76        8       0
                text233                              FB       FB       68        8       0
                text232                             249      249       23        8       0
                text231                             1C0      1C0       5D        8       0
                text230                             163      163       5D        8       0
                maintext                             8B       8B       70        8       0
                cstackBANK0                          20       20       11       20       1
                cstackCOMMON                         70       70        8       70       1
                inittext                            2B5      2B5       11        8       0
                dataBANK0                            31       31        A       20       1
                cinit                               2A3      2A3       12        8       0
                idataBANK0                          2C6      2C6        A        8       0

TOTAL           Name                               Link     Load   Length     Space
        CLASS   CONST          

        CLASS   CODE           
                end_init                             12       12        3         0
                intentry                              4        4        E         0
                reset_vec                             0        0        3         0
                text237                             21D      21D       2C         0
                text236                             26C      26C       20         0
                text235                             28C      28C       17         0
                text234                              15       15       76         0
                text233                              FB       FB       68         0
                text232                             249      249       23         0
                text231                             1C0      1C0       5D         0
                text230                             163      163       5D         0
                maintext                             8B       8B       70         0
                inittext                            2B5      2B5       11         0
                cinit                               2A3      2A3       12         0
                idataBANK0                          2C6      2C6        A         0

        CLASS   STRCODE        

        CLASS   ENTRY          

        CLASS   STRING         

        CLASS   BANK0          
                cstackBANK0                          20       20       11         1
                dataBANK0                            31       31        A         1

        CLASS   BANK1          

        CLASS   BANK2          

        CLASS   BANK3          

        CLASS   RAM            

        CLASS   ABS1           
                abs_s1                               7E       7E        2         1

        CLASS   COMMON         
                cstackCOMMON                         70       70        8         1

        CLASS   SFR0           

        CLASS   SFR1           

        CLASS   SFR2           

        CLASS   SFR3           

        CLASS   CONFIG         
                config                             2007     2007        1         0

        CLASS   IDLOC          

        CLASS   EEDATA         



SEGMENTS        Name                           Load    Length   Top    Selector   Space  Class     Delta

                reset_vec                      000000  000003  000003         0       0  CODE        2
                intentry                       000004  0002CC  0002D0         8       0  CODE        2
                cstackBANK0                    000020  00001B  00003B        20       1  BANK0       1
                cstackCOMMON                   000070  000008  000078        70       1  COMMON      1
                config                         002007  000001  002008      400E       0  CONFIG      2


UNUSED ADDRESS RANGES

        Name                Unused          Largest block    Delta
        BANK0            003B-006F             35           1
        BANK1            00A0-00EF             50           1
        BANK2            0110-016F             60           1
        BANK3            0190-01EF             60           1
        CODE             0003-0003              1           2
                         02D0-1FFF            800
        COMMON           0078-007D              6           1
        CONST            0003-0003              1           2
                         02D0-1FFF            100
        EEDATA           2100-21FF            100           2
        ENTRY            0003-0003              1           2
                         02D0-1FFF            100
        IDLOC            2000-2003              4           2
        RAM              003B-006F             35           1
                         00A0-00EF             50
                         0110-016F             60
                         0190-01EF             60
        SFR0             0000-001F             20           1
        SFR1             0080-009F             20           1
        SFR2             0100-010F             10           1
        SFR3             0180-018F             10           1
        STRCODE          0003-0003              1           2
                         02D0-1FFF           1D30
        STRING           0003-0003              1           2
                         02D0-1FFF            100

                                  Symbol Table

??_ISR                cstackCOMMON 0074
??_SEG7_OUT           cstackBANK0  0029
??_SEG7_OUT2          cstackBANK0  0029
??___awdiv            cstackBANK0  0024
??___awmod            cstackBANK0  0024
??_delay_ms           cstackBANK0  0026
??_delay_us           cstackBANK0  0022
??_main               cstackBANK0  002F
??_t0delay            cstackCOMMON 0072
?_ISR                 cstackCOMMON 0070
?_SEG7_OUT            cstackCOMMON 0070
?_SEG7_OUT2           cstackCOMMON 0070
?___awdiv             cstackBANK0  0020
?___awmod             cstackBANK0  0020
?_delay_ms            cstackBANK0  0024
?_delay_us            cstackBANK0  0020
?_main                cstackCOMMON 0070
?_t0delay             cstackCOMMON 0070
SEG7_OUT2@Dem         cstackBANK0  002C
SEG7_OUT2@hc          cstackBANK0  002D
SEG7_OUT2@hd          cstackBANK0  002E
SEG7_OUT@Dem          cstackBANK0  002C
SEG7_OUT@hc           cstackBANK0  002D
SEG7_OUT@hd           cstackBANK0  002E
_INTCON               (abs)        000B
_INTF                 (abs)        0059
_ISR                  text236      026C
_LED_MAP              dataBANK0    0031
_OPTION_REG           (abs)        0081
_PORTD                (abs)        0008
_RB0                  (abs)        0030
_RB5                  (abs)        0035
_RC0                  (abs)        0038
_RC1                  (abs)        0039
_SEG7_OUT             text231      01C0
_SEG7_OUT2            text230      0163
_T0IF                 (abs)        005A
_TRISB0               (abs)        0430
_TRISB5               (abs)        0435
_TRISC0               (abs)        0438
_TRISC1               (abs)        0439
_TRISD                (abs)        0088
__Habs1               abs1         0000
__Hbank0              bank0        0000
__Hbank1              bank1        0000
__Hbank2              bank2        0000
__Hbank3              bank3        0000
__Hcinit              cinit        0000
__Hclrtext            clrtext      0000
__Hcode               code         0000
__Hcommon             common       0000
__Hconfig             config       2008
__HcstackBANK0        cstackBANK0  0000
__HcstackCOMMON       cstackCOMMON 0000
__HdataBANK0          dataBANK0    0000
__Heeprom_data        eeprom_data  0000
__Hend_init           end_init     0015
__Hfunctab            functab      0000
__HidataBANK0         idataBANK0   0000
__Hidloc              idloc        0000
__Hinit               init         0012
__Hinittext           inittext     0000
__Hintentry           intentry     0012
__Hmaintext           maintext     0000
__Hpowerup            powerup      0000
__Hram                ram          0000
__Hreset_vec          reset_vec    0003
__Hsfr0               sfr0         0000
__Hsfr1               sfr1         0000
__Hsfr2               sfr2         0000
__Hsfr3               sfr3         0000
__Hstrings            strings      0000
__Htext               text         0000
__Labs1               abs1         0000
__Lbank0              bank0        0000
__Lbank1              bank1        0000
__Lbank2              bank2        0000
__Lbank3              bank3        0000
__Lcinit              cinit        0000
__Lclrtext            clrtext      0000
__Lcode               code         0000
__Lcommon             common       0000
__Lconfig             config       2007
__LcstackBANK0        cstackBANK0  0000
__LcstackCOMMON       cstackCOMMON 0000
__LdataBANK0          dataBANK0    0000
__Leeprom_data        eeprom_data  0000
__Lend_init           end_init     0012
__Lfunctab            functab      0000
__LidataBANK0         idataBANK0   0000
__Lidloc              idloc        0000
__Linit               init         0012
__Linittext           inittext     0000
__Lintentry           intentry     0004
__Lmaintext           maintext     0000
__Lpowerup            powerup      0000
__Lram                ram          0000
__Lreset_vec          reset_vec    0000
__Lsfr0               sfr0         0000
__Lsfr1               sfr1         0000
__Lsfr2               sfr2         0000
__Lsfr3               sfr3         0000
__Lstrings            strings      0000
__Ltext               text         0000
__S0                  (abs)        2008
__S1                  (abs)        0078
__S2                  (abs)        0000
___awdiv              text234      0015
___awdiv@counter      cstackBANK0  0025
___awdiv@dividend     cstackBANK0  0022
___awdiv@divisor      cstackBANK0  0020
___awdiv@quotient     cstackBANK0  0027
___awdiv@sign         cstackBANK0  0026
___awmod              text233      00FB
___awmod@counter      cstackBANK0  0025
___awmod@dividend     cstackBANK0  0022
___awmod@divisor      cstackBANK0  0020
___awmod@sign         cstackBANK0  0026
__end_of_ISR          text236      028C
__end_of_SEG7_OUT     text231      021D
__end_of_SEG7_OUT2    text230      01C0
__end_of___awdiv      text234      008B
__end_of___awmod      text233      0163
__end_of_delay_ms     text232      026C
__end_of_delay_us     text235      02A3
__end_of_main         maintext     00FB
__end_of_t0delay      text237      0249
__pcstackBANK0        cstackBANK0  0020
__pcstackCOMMON       cstackCOMMON 0070
__pdataBANK0          dataBANK0    0031
__pidataBANK0         idataBANK0   02C6
__pintentry           intentry     0004
__pmaintext           maintext     008B
__ptext230            text230      0163
__ptext231            text231      01C0
__ptext232            text232      0249
__ptext233            text233      00FB
__ptext234            text234      0015
__ptext235            text235      028C
__ptext236            text236      026C
__ptext237            text237      021D
__ptext238            text238      0000
__size_of_ISR         (abs)        0000
__size_of_SEG7_OUT    (abs)        0000
__size_of_SEG7_OUT2   (abs)        0000
__size_of___awdiv     (abs)        0000
__size_of___awmod     (abs)        0000
__size_of_delay_ms    (abs)        0000
__size_of_delay_us    (abs)        0000
__size_of_main        (abs)        0000
__size_of_t0delay     (abs)        0000
_delay_ms             text232      0249
_delay_us             text235      028C
_exit                 init         0012
_main                 maintext     008B
_t0delay              text237      021D
btemp                 (abs)        007E
delay_ms@delay_ms     cstackBANK0  0024
delay_ms@i            cstackBANK0  0026
delay_us@delay_us     cstackBANK0  0020
delay_us@i            cstackBANK0  0022
end_of_initialization cinit        02B1
init_fetch            inittext     02B5
init_ram              inittext     02B9
interrupt_function    intentry     0004
intlevel0             functab      0000
intlevel1             functab      0000
intlevel2             functab      0000
intlevel3             functab      0000
intlevel4             functab      0000
intlevel5             functab      0000
main@i                cstackBANK0  0030
reset_vec             reset_vec    0000
saved_w               (abs)        007E
start                 init         0012
start_initialization  cinit        02A3
t0delay@i             cstackCOMMON 0072
wtemp0                (abs)        007E
