HI-TECH Software C Compiler 

Linker command line:

--edf=C:\Program Files (x86)\HI-TECH Software\PICC\9.81\dat\en_msgs.txt -cs \
  -h+dist/default/production\Thuchanh.production.sym -z -Q16F877A -ol.obj \
  -Mdist/default/production/Thuchanh.production.map -E1 -ACONST=00h-0FFhx32 \
  -ACODE=00h-07FFhx4 -ASTRCODE=00h-01FFFh -AENTRY=00h-0FFhx32 \
  -ASTRING=00h-0FFhx32 -ABANK0=020h-06Fh -ABANK1=0A0h-0EFh \
  -ABANK2=0110h-016Fh -ABANK3=0190h-01EFh \
  -ARAM=020h-06Fh,0A0h-0EFh,0110h-016Fh,0190h-01EFh \
  -AABS1=020h-07Fh,0A0h-0EFh,0110h-016Fh,0190h-01EFh -ACOMMON=070h-07Fh \
  -ASFR0=00h-01Fh -ASFR1=080h-09Fh -ASFR2=0100h-010Fh -ASFR3=0180h-018Fh \
  -preset_vec=00h,intentry,init,end_init -ppowerup=CODE -pfunctab=CODE \
  -ACONFIG=02007h-02007h -pconfig=CONFIG -DCONFIG=2 -AIDLOC=02000h-02003h \
  -pidloc=IDLOC -DIDLOC=2 -AEEDATA=00h-0FFh/02100h -peeprom_data=EEDATA \
  -DEEDATA=2 -DCODE=2 -DSTRCODE=2 -DSTRING=2 -DCONST=2 -DENTRY=2 -k \
  C:\Users\tamin\AppData\Local\Temp\s3j8.obj \
  dist/default/production\Thuchanh.production.obj 

Object code version is 3.10

Machine type is 16F877A



                Name                               Link     Load   Length Selector   Space Scale
C:\Users\tamin\AppData\Local\Temp\s3j8.obj
                end_init                              0        0        3        0       0
dist/default/production\Thuchanh.production.obj
                config                             2007     2007        1     400E       0
                text101                             744      744       1A      E88       0
                text100                             730      730       14      E60       0
                text99                              75E      75E       1B      EBC       0
                text98                              779      779       21      EF2       0
                text97                              71E      71E       12      E3C       0
                maintext                            79A      79A       66      F34       0
                cstackCOMMON                         70       70        7       70       1
                cinit                               71A      71A        4      E34       0
                strings                               3        3       65        6       0

TOTAL           Name                               Link     Load   Length     Space
        CLASS   CONST          

        CLASS   CODE           
                end_init                              0        0        3         0
                text101                             744      744       1A         0
                text100                             730      730       14         0
                text99                              75E      75E       1B         0
                text98                              779      779       21         0
                text97                              71E      71E       12         0
                maintext                            79A      79A       66         0
                cinit                               71A      71A        4         0

        CLASS   STRCODE        

        CLASS   ENTRY          

        CLASS   STRING         
                strings                               3        3       65         0

        CLASS   BANK0          

        CLASS   BANK1          

        CLASS   BANK2          

        CLASS   BANK3          

        CLASS   RAM            

        CLASS   ABS1           
                abs_s1                               7E       7E        2         1

        CLASS   COMMON         
                cstackCOMMON                         70       70        7         1

        CLASS   SFR0           

        CLASS   SFR1           

        CLASS   SFR2           

        CLASS   SFR3           

        CLASS   CONFIG         
                config                             2007     2007        1         0

        CLASS   IDLOC          

        CLASS   EEDATA         



SEGMENTS        Name                           Load    Length   Top    Selector   Space  Class     Delta

                reset_vec                      000000  000003  000003         0       0  CODE        2
                strings                        000003  000065  000068         6       0  STRING      2
                cstackCOMMON                   000070  000007  000077        70       1  COMMON      1
                cinit                          00071A  000004  00071E       E34       0  CODE        2
                text97                         00071E  000012  000730       E3C       0  CODE        2
                text100                        000730  000014  000744       E60       0  CODE        2
                text101                        000744  00001A  00075E       E88       0  CODE        2
                text99                         00075E  00001B  000779       EBC       0  CODE        2
                text98                         000779  000021  00079A       EF2       0  CODE        2
                maintext                       00079A  000066  000800       F34       0  CODE        2
                config                         002007  000001  002008      400E       0  CONFIG      2


UNUSED ADDRESS RANGES

        Name                Unused          Largest block    Delta
        BANK0            0020-006F             50           1
        BANK1            00A0-00EF             50           1
        BANK2            0110-016F             60           1
        BANK3            0190-01EF             60           1
        CODE             0068-0719            6B2           2
                         0800-1FFF            800
        COMMON           0077-007D              7           1
        CONST            0068-0719            100           2
                         0800-1FFF            100
        EEDATA           2100-21FF            100           2
        ENTRY            0068-0719            100           2
                         0800-1FFF            100
        IDLOC            2000-2003              4           2
        RAM              0020-006F             50           1
                         00A0-00EF             50
                         0110-016F             60
                         0190-01EF             60
        SFR0             0000-001F             20           1
        SFR1             0080-009F             20           1
        SFR2             0100-010F             10           1
        SFR3             0180-018F             10           1
        STRCODE          0068-0719            6B2           2
                         0800-1FFF           1800
        STRING           0068-0719            100           2
                         0800-1FFF            100

                                  Symbol Table

??_USART_Init            cstackCOMMON 0070
??_USART_char            cstackCOMMON 0070
??_USART_get_char        cstackCOMMON 0070
??_USART_string          cstackCOMMON 0071
??_main                  cstackCOMMON 0073
??_send_data             cstackCOMMON 0070
?_USART_Init             cstackCOMMON 0070
?_USART_char             cstackCOMMON 0070
?_USART_get_char         cstackCOMMON 0070
?_USART_string           cstackCOMMON 0070
?_main                   cstackCOMMON 0070
?_send_data              cstackCOMMON 0070
USART_char@byte          cstackCOMMON 0070
USART_string@string      cstackCOMMON 0072
_BRGH                    (abs)        04C2
_CREN                    (abs)        00C4
_GIE                     (abs)        005F
_OERR                    (abs)        00C1
_PEIE                    (abs)        005E
_RCIE                    (abs)        0465
_RCIF                    (abs)        0065
_RCREG                   (abs)        001A
_RD4                     (abs)        0044
_RX9                     (abs)        00C6
_SPBRG                   (abs)        0099
_SPEN                    (abs)        00C7
_SYNC                    (abs)        04C4
_TRISC6                  (abs)        043E
_TRISC7                  (abs)        043F
_TRISD4                  (abs)        0444
_TRMT                    (abs)        04C1
_TX9                     (abs)        04C6
_TXEN                    (abs)        04C5
_TXIE                    (abs)        0464
_TXIF                    (abs)        0064
_TXREG                   (abs)        0019
_USART_Init              text101      0744
_USART_char              text100      0730
_USART_get_char          text99       075E
_USART_string            text98       0779
__Habs1                  abs1         0000
__Hbank0                 bank0        0000
__Hbank1                 bank1        0000
__Hbank2                 bank2        0000
__Hbank3                 bank3        0000
__Hcinit                 cinit        0000
__Hclrtext               clrtext      0000
__Hcode                  code         0000
__Hcommon                common       0000
__Hconfig                config       2008
__HcstackCOMMON          cstackCOMMON 0000
__Heeprom_data           eeprom_data  0000
__Hend_init              end_init     0003
__Hfunctab               functab      0000
__Hidloc                 idloc        0000
__Hinit                  init         0000
__Hintentry              intentry     0000
__Hmaintext              maintext     0000
__Hpowerup               powerup      0000
__Hram                   ram          0000
__Hreset_vec             reset_vec    0000
__Hsfr0                  sfr0         0000
__Hsfr1                  sfr1         0000
__Hsfr2                  sfr2         0000
__Hsfr3                  sfr3         0000
__Hstrings               strings      0000
__Htext                  text         0000
__Labs1                  abs1         0000
__Lbank0                 bank0        0000
__Lbank1                 bank1        0000
__Lbank2                 bank2        0000
__Lbank3                 bank3        0000
__Lcinit                 cinit        0000
__Lclrtext               clrtext      0000
__Lcode                  code         0000
__Lcommon                common       0000
__Lconfig                config       2007
__LcstackCOMMON          cstackCOMMON 0000
__Leeprom_data           eeprom_data  0000
__Lend_init              end_init     0000
__Lfunctab               functab      0000
__Lidloc                 idloc        0000
__Linit                  init         0000
__Lintentry              intentry     0000
__Lmaintext              maintext     0000
__Lpowerup               powerup      0000
__Lram                   ram          0000
__Lreset_vec             reset_vec    0000
__Lsfr0                  sfr0         0000
__Lsfr1                  sfr1         0000
__Lsfr2                  sfr2         0000
__Lsfr3                  sfr3         0000
__Lstrings               strings      0000
__Ltext                  text         0000
__S0                     (abs)        2008
__S1                     (abs)        0077
__S2                     (abs)        0000
__end_of_USART_Init      text101      075E
__end_of_USART_char      text100      0744
__end_of_USART_get_char  text99       0779
__end_of_USART_string    text98       079A
__end_of_main            maintext     0800
__end_of_send_data       text97       0730
__pcstackCOMMON          cstackCOMMON 0070
__pmaintext              maintext     079A
__pstrings               strings      0003
__ptext100               text100      0730
__ptext101               text101      0744
__ptext102               text102      0000
__ptext96                text96       0000
__ptext97                text97       071E
__ptext98                text98       0779
__ptext99                text99       075E
__size_of_USART_Init     (abs)        0000
__size_of_USART_char     (abs)        0000
__size_of_USART_get_char (abs)        0000
__size_of_USART_string   (abs)        0000
__size_of_main           (abs)        0000
__size_of_send_data      (abs)        0000
_exit                    init         0000
_main                    maintext     079A
_send_data               text97       071E
btemp                    (abs)        007E
end_of_initialization    cinit        071A
intlevel0                functab      0000
intlevel1                functab      0000
intlevel2                functab      0000
intlevel3                functab      0000
intlevel4                functab      0000
intlevel5                functab      0000
main@get_value           cstackCOMMON 0075
reset_vec                reset_vec    0000
start                    init         0000
start_initialization     cinit        071A
wtemp0                   (abs)        007E
