CCS PCM C Compiler, Version 5.015, 5967               27-Thg2-21 19:28

               Filename:   E:\PIC16F877A\CCS\thanhghidich\main.lst

               ROM used:   135 words (2%)
                           Largest free fragment is 2048
               RAM used:   6 (2%) at main() level
                           10 (3%) worst case
               Stack used: 2 locations
               Stack size: 8

*
0000:  MOVLW  00
0001:  MOVWF  0A
0002:  GOTO   066
0003:  NOP
.................... #include <16f877A.h> 
.................... //////////// Standard Header file for the PIC16F877A device //////////////// 
.................... /////////////////////////////////////////////////////////////////////////// 
.................... ////        (C) Copyright 1996, 2013 Custom Computer Services          //// 
.................... //// This source code may only be used by licensed users of the CCS C  //// 
.................... //// compiler.  This source code may only be distributed to other      //// 
.................... //// licensed users of the CCS C compiler.  No other use, reproduction //// 
.................... //// or distribution is permitted without written permission.          //// 
.................... //// Derivative programs created using this software in object code    //// 
.................... //// form are not restricted in any way.                               //// 
.................... /////////////////////////////////////////////////////////////////////////// 
.................... #device PIC16F877A 
....................  
.................... #list 
....................  
.................... #fuses NOWDT,HS,PUT,NOPROTECT 
.................... #use delay(clock=20000000) 
*
0045:  MOVLW  21
0046:  MOVWF  04
0047:  BCF    03.7
0048:  MOVF   00,W
0049:  BTFSC  03.2
004A:  GOTO   058
004B:  MOVLW  06
004C:  MOVWF  78
004D:  CLRF   77
004E:  DECFSZ 77,F
004F:  GOTO   04E
0050:  DECFSZ 78,F
0051:  GOTO   04D
0052:  MOVLW  7B
0053:  MOVWF  77
0054:  DECFSZ 77,F
0055:  GOTO   054
0056:  DECFSZ 00,F
0057:  GOTO   04B
0058:  RETURN
.................... #define SH PIN_B0 // khai baos chan 11 
.................... #define DS PIN_B1 // 14 
.................... #define ST PIN_B2 // 12 
....................  
.................... int8 nData; 
.................... void setup(); 
.................... void thaydoi(int8 nData); 
.................... void writebye(int8 nData); 
.................... void OnLow2High(void); 
....................  
.................... void main() 
*
0066:  MOVF   03,W
0067:  ANDLW  1F
0068:  MOVWF  03
0069:  BSF    03.5
006A:  BSF    1F.0
006B:  BSF    1F.1
006C:  BSF    1F.2
006D:  BCF    1F.3
006E:  MOVLW  07
006F:  MOVWF  1C
0070:  BCF    03.7
.................... { 
.................... set_tris_b(0x00); // set port b la ouput  
0071:  MOVLW  00
0072:  MOVWF  06
.................... setup(); 
0073:  BCF    03.5
0074:  GOTO   004
.................... writebye(0x00); 
0075:  CLRF   21
0076:  CALL   013
....................   Delay_ms(10); 
0077:  MOVLW  0A
0078:  MOVWF  21
0079:  CALL   045
....................   writebye(0xff); 
007A:  MOVLW  FF
007B:  MOVWF  21
007C:  CALL   013
....................   Delay_ms(10); 
007D:  MOVLW  0A
007E:  MOVWF  21
007F:  CALL   045
....................      nData = 0; 
0080:  CLRF   20
....................    while(TRUE) 
....................    { 
....................       OnLow2High(); 
0081:  GOTO   059
....................        Delay_ms(100); 
0082:  MOVLW  64
0083:  MOVWF  21
0084:  CALL   045
0085:  GOTO   081
....................        
....................    } 
....................  
.................... } 
.................... void setup(){ 
0086:  SLEEP
....................    output_low(SH); 
*
0004:  BSF    03.5
0005:  BCF    06.0
0006:  BCF    03.5
0007:  BCF    06.0
....................    output_low(DS); 
0008:  BSF    03.5
0009:  BCF    06.1
000A:  BCF    03.5
000B:  BCF    06.1
....................    output_low(ST); 
000C:  BSF    03.5
000D:  BCF    06.2
000E:  BCF    03.5
000F:  BCF    06.2
0010:  BCF    0A.3
0011:  BCF    0A.4
0012:  GOTO   075 (RETURN)
....................    // set cacs chan deu la muc low 
.................... } 
.................... void thaydoi(int8 nData){ 
.................... int8 i, nMask; 
....................    nMask = 0x01; 
*
0019:  MOVLW  01
001A:  MOVWF  24
....................    for (i = 0; i<8; i++){ 
001B:  CLRF   23
001C:  MOVF   23,W
001D:  SUBLW  07
001E:  BTFSS  03.0
001F:  GOTO   040
....................    output_low(SH); // chan 11 o muc thap 
0020:  BSF    03.5
0021:  BCF    06.0
0022:  BCF    03.5
0023:  BCF    06.0
....................    if(nData & nMask){ 
0024:  MOVF   22,W
0025:  ANDWF  24,W
0026:  BTFSC  03.2
0027:  GOTO   02D
....................    //neeu nData and voi Nmask thi dua chan 14 len muc cao  
....................     output_high(DS);    
0028:  BSF    03.5
0029:  BCF    06.1
002A:  BCF    03.5
002B:  BSF    06.1
....................     } 
002C:  GOTO   031
....................     else{ 
....................     output_low(DS); 
002D:  BSF    03.5
002E:  BCF    06.1
002F:  BCF    03.5
0030:  BCF    06.1
....................     } 
....................      
....................        output_high(SH); 
0031:  BSF    03.5
0032:  BCF    06.0
0033:  BCF    03.5
0034:  BSF    06.0
....................        Delay_us(1); 
0035:  GOTO   036
0036:  GOTO   037
0037:  NOP
....................         output_low(SH); 
0038:  BSF    03.5
0039:  BCF    06.0
003A:  BCF    03.5
003B:  BCF    06.0
....................           nMask = nMask << 1; 
003C:  BCF    03.0
003D:  RLF    24,F
003E:  INCF   23,F
003F:  GOTO   01C
....................     
....................   
.................... } 
....................  
.................... } 
.................... void writebye(int8 nData){ 
....................  output_low(ST); 
*
0013:  BSF    03.5
0014:  BCF    06.2
0015:  BCF    03.5
0016:  BCF    06.2
....................    thaydoi(nData); 
0017:  MOVF   21,W
0018:  MOVWF  22
....................    output_high(ST); 
*
0040:  BSF    03.5
0041:  BCF    06.2
0042:  BCF    03.5
0043:  BSF    06.2
0044:  RETURN
.................... } 
.................... void OnLow2High(void) 
.................... { 
....................    writebye(nData); 
*
0059:  MOVF   20,W
005A:  MOVWF  21
005B:  CALL   013
....................  
....................    if(nData == 255) 
005C:  INCFSZ 20,W
005D:  GOTO   060
....................       nData = 0; 
005E:  CLRF   20
005F:  GOTO   063
....................    else 
....................    { 
....................       nData = nData << 1; 
0060:  BCF    03.0
0061:  RLF    20,F
....................       nData = nData | 1; 
0062:  BSF    20.0
....................    } 
0063:  BCF    0A.3
0064:  BCF    0A.4
0065:  GOTO   082 (RETURN)
.................... } 
....................  
....................  

Configuration Fuses:
   Word  1: 3F72   HS NOWDT PUT BROWNOUT NOLVP NOCPD NOWRT NODEBUG NOPROTECT
