HI-TECH Software C Compiler 

Linker command line:

--edf=C:\Program Files (x86)\HI-TECH Software\PICC\9.81\dat\en_msgs.txt -cs \
  -h+dist/default/production\BUTON.X.production.sym -z -Q16F877A -ol.obj \
  -Mdist/default/production/BUTON.X.production.map -E1 -ACONST=00h-0FFhx32 \
  -ACODE=00h-07FFhx4 -ASTRCODE=00h-01FFFh -AENTRY=00h-0FFhx32 \
  -ASTRING=00h-0FFhx32 -ABANK0=020h-06Fh -ABANK1=0A0h-0EFh \
  -ABANK2=0110h-016Fh -ABANK3=0190h-01EFh \
  -ARAM=020h-06Fh,0A0h-0EFh,0110h-016Fh,0190h-01EFh \
  -AABS1=020h-07Fh,0A0h-0EFh,0110h-016Fh,0190h-01EFh -ACOMMON=070h-07Fh \
  -ASFR0=00h-01Fh -ASFR1=080h-09Fh -ASFR2=0100h-010Fh -ASFR3=0180h-018Fh \
  -preset_vec=00h,intentry=04h,init,end_init -ppowerup=CODE -pfunctab=CODE \
  -ACONFIG=02007h-02007h -pconfig=CONFIG -DCONFIG=2 -AIDLOC=02000h-02003h \
  -pidloc=IDLOC -DIDLOC=2 -AEEDATA=00h-0FFh/02100h -peeprom_data=EEDATA \
  -DEEDATA=2 -DCODE=2 -DSTRCODE=2 -DSTRING=2 -DCONST=2 -DENTRY=2 -k \
  C:\Users\tamin\AppData\Local\Temp\s1g4.obj \
  dist/default/production\BUTON.X.production.obj 

Object code version is 3.10

Machine type is 16F877A



                Name                               Link     Load   Length Selector   Space Scale
C:\Users\tamin\AppData\Local\Temp\s1g4.obj
                end_init                             12       12        3        8       0
                reset_vec                             0        0        3        0       0
dist/default/production\BUTON.X.production.obj
                intentry                              4        4        E        8       0
                config                             2007     2007        1     400E       0
                text72                               15       15       47        8       0
                cstackBANK0                          20       20        1       20       1
                cstackCOMMON                         70       70        8       70       1
                cinit                                7D       7D        4        8       0
                maintext                             5C       5C       21        8       0

TOTAL           Name                               Link     Load   Length     Space
        CLASS   CONST          

        CLASS   CODE           
                end_init                             12       12        3         0
                intentry                              4        4        E         0
                reset_vec                             0        0        3         0
                text72                               15       15       47         0
                cinit                                7D       7D        4         0
                maintext                             5C       5C       21         0

        CLASS   STRCODE        

        CLASS   ENTRY          

        CLASS   STRING         

        CLASS   BANK0          
                cstackBANK0                          20       20        1         1

        CLASS   BANK1          

        CLASS   BANK2          

        CLASS   BANK3          

        CLASS   RAM            

        CLASS   ABS1           
                abs_s1                               7E       7E        2         1

        CLASS   COMMON         
                cstackCOMMON                         70       70        8         1

        CLASS   SFR0           

        CLASS   SFR1           

        CLASS   SFR2           

        CLASS   SFR3           

        CLASS   CONFIG         
                config                             2007     2007        1         0

        CLASS   IDLOC          

        CLASS   EEDATA         



SEGMENTS        Name                           Load    Length   Top    Selector   Space  Class     Delta

                reset_vec                      000000  000003  000003         0       0  CODE        2
                intentry                       000004  00007D  000081         8       0  CODE        2
                cstackBANK0                    000020  000001  000021        20       1  BANK0       1
                cstackCOMMON                   000070  000008  000078        70       1  COMMON      1
                config                         002007  000001  002008      400E       0  CONFIG      2


UNUSED ADDRESS RANGES

        Name                Unused          Largest block    Delta
        BANK0            0021-006F             4F           1
        BANK1            00A0-00EF             50           1
        BANK2            0110-016F             60           1
        BANK3            0190-01EF             60           1
        CODE             0003-0003              1           2
                         0081-1FFF            800
        COMMON           0078-007D              6           1
        CONST            0003-0003              1           2
                         0081-1FFF            100
        EEDATA           2100-21FF            100           2
        ENTRY            0003-0003              1           2
                         0081-1FFF            100
        IDLOC            2000-2003              4           2
        RAM              0021-006F             4F           1
                         00A0-00EF             50
                         0110-016F             60
                         0190-01EF             60
        SFR0             0000-001F             20           1
        SFR1             0080-009F             20           1
        SFR2             0100-010F             10           1
        SFR3             0180-018F             10           1
        STRCODE          0003-0003              1           2
                         0081-1FFF           1F7F
        STRING           0003-0003              1           2
                         0081-1FFF            100

                                  Symbol Table

??_ISR                cstackCOMMON 0070
??_main               cstackBANK0  0020
?_ISR                 cstackCOMMON 0070
?_main                cstackCOMMON 0070
ISR@i                 cstackCOMMON 0074
ISR@j                 cstackCOMMON 0076
_INTCON               (abs)        000B
_INTF                 (abs)        0059
_ISR                  text72       0015
_OPTION_REG           (abs)        0081
_PORTD                (abs)        0008
_RB1                  (abs)        0031
_TRISB0               (abs)        0430
_TRISB1               (abs)        0431
_TRISD                (abs)        0088
_TRISD1               (abs)        0441
__Habs1               abs1         0000
__Hbank0              bank0        0000
__Hbank1              bank1        0000
__Hbank2              bank2        0000
__Hbank3              bank3        0000
__Hcinit              cinit        0000
__Hclrtext            clrtext      0000
__Hcode               code         0000
__Hcommon             common       0000
__Hconfig             config       2008
__HcstackBANK0        cstackBANK0  0000
__HcstackCOMMON       cstackCOMMON 0000
__Heeprom_data        eeprom_data  0000
__Hend_init           end_init     0015
__Hfunctab            functab      0000
__Hidloc              idloc        0000
__Hinit               init         0012
__Hintentry           intentry     0012
__Hmaintext           maintext     0000
__Hpowerup            powerup      0000
__Hram                ram          0000
__Hreset_vec          reset_vec    0003
__Hsfr0               sfr0         0000
__Hsfr1               sfr1         0000
__Hsfr2               sfr2         0000
__Hsfr3               sfr3         0000
__Hstrings            strings      0000
__Htext               text         0000
__Labs1               abs1         0000
__Lbank0              bank0        0000
__Lbank1              bank1        0000
__Lbank2              bank2        0000
__Lbank3              bank3        0000
__Lcinit              cinit        0000
__Lclrtext            clrtext      0000
__Lcode               code         0000
__Lcommon             common       0000
__Lconfig             config       2007
__LcstackBANK0        cstackBANK0  0000
__LcstackCOMMON       cstackCOMMON 0000
__Leeprom_data        eeprom_data  0000
__Lend_init           end_init     0012
__Lfunctab            functab      0000
__Lidloc              idloc        0000
__Linit               init         0012
__Lintentry           intentry     0004
__Lmaintext           maintext     0000
__Lpowerup            powerup      0000
__Lram                ram          0000
__Lreset_vec          reset_vec    0000
__Lsfr0               sfr0         0000
__Lsfr1               sfr1         0000
__Lsfr2               sfr2         0000
__Lsfr3               sfr3         0000
__Lstrings            strings      0000
__Ltext               text         0000
__S0                  (abs)        2008
__S1                  (abs)        0078
__S2                  (abs)        0000
__end_of_ISR          text72       005C
__end_of_main         maintext     007D
__pcstackBANK0        cstackBANK0  0020
__pcstackCOMMON       cstackCOMMON 0070
__pintentry           intentry     0004
__pmaintext           maintext     005C
__ptext72             text72       0015
__ptext73             text73       0000
__size_of_ISR         (abs)        0000
__size_of_main        (abs)        0000
_exit                 init         0012
_main                 maintext     005C
btemp                 (abs)        007E
end_of_initialization cinit        007D
interrupt_function    intentry     0004
intlevel0             functab      0000
intlevel1             functab      0000
intlevel2             functab      0000
intlevel3             functab      0000
intlevel4             functab      0000
intlevel5             functab      0000
reset_vec             reset_vec    0000
saved_w               (abs)        007E
start                 init         0012
start_initialization  cinit        007D
wtemp0                (abs)        007E
