HI-TECH Software C Compiler 

Linker command line:

--edf=C:\Program Files (x86)\HI-TECH Software\PICC\9.81\dat\en_msgs.txt -cs \
  -h+dist/default/production\0_9999_T0.X.production.sym -z -Q16F877A \
  -ol.obj -Mdist/default/production/0_9999_T0.X.production.map -E1 \
  -ACONST=00h-0FFhx32 -ACODE=00h-07FFhx4 -ASTRCODE=00h-01FFFh \
  -AENTRY=00h-0FFhx32 -ASTRING=00h-0FFhx32 -ABANK0=020h-06Fh \
  -ABANK1=0A0h-0EFh -ABANK2=0110h-016Fh -ABANK3=0190h-01EFh \
  -ARAM=020h-06Fh,0A0h-0EFh,0110h-016Fh,0190h-01EFh \
  -AABS1=020h-07Fh,0A0h-0EFh,0110h-016Fh,0190h-01EFh -ACOMMON=070h-07Fh \
  -ASFR0=00h-01Fh -ASFR1=080h-09Fh -ASFR2=0100h-010Fh -ASFR3=0180h-018Fh \
  -preset_vec=00h,intentry,init,end_init -ppowerup=CODE -pfunctab=CODE \
  -ACONFIG=02007h-02007h -pconfig=CONFIG -DCONFIG=2 -AIDLOC=02000h-02003h \
  -pidloc=IDLOC -DIDLOC=2 -AEEDATA=00h-0FFh/02100h -peeprom_data=EEDATA \
  -DEEDATA=2 -DCODE=2 -DSTRCODE=2 -DSTRING=2 -DCONST=2 -DENTRY=2 -k \
  C:\Users\tamin\AppData\Local\Temp\sbsg.obj \
  dist/default/production\0_9999_T0.X.production.obj 

Object code version is 3.10

Machine type is 16F877A



                Name                               Link     Load   Length Selector   Space Scale
C:\Users\tamin\AppData\Local\Temp\sbsg.obj
                end_init                              0        0        3        0       0
dist/default/production\0_9999_T0.X.production.obj
                config                             2007     2007        1     400E       0
                text121                             685      685       1F      D0A       0
                text120                             6E8      6E8       4E      DD0       0
                text119                             6A4      6A4       44      D48       0
                text118                             736      736       63      E6C       0
                maintext                            799      799       67      F32       0
                cstackCOMMON                         70       70        C       70       1
                bssBANK0                             20       20        8       20       1
                cinit                               679      679        C      CF2       0
                nvCOMMON                             7C       7C        2       70       1
                strings                               3        3       10        6       0

TOTAL           Name                               Link     Load   Length     Space
        CLASS   CONST          

        CLASS   CODE           
                end_init                              0        0        3         0
                text121                             685      685       1F         0
                text120                             6E8      6E8       4E         0
                text119                             6A4      6A4       44         0
                text118                             736      736       63         0
                maintext                            799      799       67         0
                cinit                               679      679        C         0

        CLASS   STRCODE        

        CLASS   ENTRY          

        CLASS   STRING         
                strings                               3        3       10         0

        CLASS   BANK0          
                bssBANK0                             20       20        8         1

        CLASS   BANK1          

        CLASS   BANK2          

        CLASS   BANK3          

        CLASS   RAM            

        CLASS   ABS1           
                abs_s1                               7E       7E        2         1

        CLASS   COMMON         
                cstackCOMMON                         70       70        C         1
                nvCOMMON                             7C       7C        2         1

        CLASS   SFR0           

        CLASS   SFR1           

        CLASS   SFR2           

        CLASS   SFR3           

        CLASS   CONFIG         
                config                             2007     2007        1         0

        CLASS   IDLOC          

        CLASS   EEDATA         



SEGMENTS        Name                           Load    Length   Top    Selector   Space  Class     Delta

                reset_vec                      000000  000003  000003         0       0  CODE        2
                strings                        000003  000010  000013         6       0  STRING      2
                bssBANK0                       000020  000008  000028        20       1  BANK0       1
                cstackCOMMON                   000070  00000E  00007E        70       1  COMMON      1
                cinit                          000679  00000C  000685       CF2       0  CODE        2
                text121                        000685  00001F  0006A4       D0A       0  CODE        2
                text119                        0006A4  000044  0006E8       D48       0  CODE        2
                text120                        0006E8  00004E  000736       DD0       0  CODE        2
                text118                        000736  000063  000799       E6C       0  CODE        2
                maintext                       000799  000067  000800       F32       0  CODE        2
                config                         002007  000001  002008      400E       0  CONFIG      2


UNUSED ADDRESS RANGES

        Name                Unused          Largest block    Delta
        BANK0            0028-006F             48           1
        BANK1            00A0-00EF             50           1
        BANK2            0110-016F             60           1
        BANK3            0190-01EF             60           1
        CODE             0013-0678            666           2
                         0800-1FFF            800
        CONST            0013-0678            100           2
                         0800-1FFF            100
        EEDATA           2100-21FF            100           2
        ENTRY            0013-0678            100           2
                         0800-1FFF            100
        IDLOC            2000-2003              4           2
        RAM              0028-006F             48           1
                         00A0-00EF             50
                         0110-016F             60
                         0190-01EF             60
        SFR0             0000-001F             20           1
        SFR1             0080-009F             20           1
        SFR2             0100-010F             10           1
        SFR3             0180-018F             10           1
        STRCODE          0013-0678            666           2
                         0800-1FFF           1800
        STRING           0013-0678            100           2
                         0800-1FFF            100

                                  Symbol Table

??___lwdiv            cstackCOMMON 0074
??___lwmod            cstackCOMMON 0074
??_delay              cstackCOMMON 0072
??_display            cstackCOMMON 0078
??_main               cstackCOMMON 007B
?___lwdiv             cstackCOMMON 0070
?___lwmod             cstackCOMMON 0070
?_delay               cstackCOMMON 0070
?_display             cstackCOMMON 0070
?_main                cstackCOMMON 0070
_Count                bssBANK0     0020
_INTCON               (abs)        000B
_OPTION_REG           (abs)        0081
_PORTB                (abs)        0006
_RC0                  (abs)        0038
_RC1                  (abs)        0039
_TMR0IF               (abs)        005A
_TRISB                (abs)        0086
_TRISC                (abs)        0087
__Habs1               abs1         0000
__Hbank0              bank0        0000
__Hbank1              bank1        0000
__Hbank2              bank2        0000
__Hbank3              bank3        0000
__HbssBANK0           bssBANK0     0000
__Hcinit              cinit        0000
__Hclrtext            clrtext      0000
__Hcode               code         0000
__Hcommon             common       0000
__Hconfig             config       2008
__HcstackCOMMON       cstackCOMMON 0000
__Heeprom_data        eeprom_data  0000
__Hend_init           end_init     0003
__Hfunctab            functab      0000
__Hidloc              idloc        0000
__Hinit               init         0000
__Hintentry           intentry     0000
__Hmaintext           maintext     0000
__HnvCOMMON           nvCOMMON     0000
__Hpowerup            powerup      0000
__Hram                ram          0000
__Hreset_vec          reset_vec    0000
__Hsfr0               sfr0         0000
__Hsfr1               sfr1         0000
__Hsfr2               sfr2         0000
__Hsfr3               sfr3         0000
__Hstrings            strings      0000
__Htext               text         0000
__Labs1               abs1         0000
__Lbank0              bank0        0000
__Lbank1              bank1        0000
__Lbank2              bank2        0000
__Lbank3              bank3        0000
__LbssBANK0           bssBANK0     0000
__Lcinit              cinit        0000
__Lclrtext            clrtext      0000
__Lcode               code         0000
__Lcommon             common       0000
__Lconfig             config       2007
__LcstackCOMMON       cstackCOMMON 0000
__Leeprom_data        eeprom_data  0000
__Lend_init           end_init     0000
__Lfunctab            functab      0000
__Lidloc              idloc        0000
__Linit               init         0000
__Lintentry           intentry     0000
__Lmaintext           maintext     0000
__LnvCOMMON           nvCOMMON     0000
__Lpowerup            powerup      0000
__Lram                ram          0000
__Lreset_vec          reset_vec    0000
__Lsfr0               sfr0         0000
__Lsfr1               sfr1         0000
__Lsfr2               sfr2         0000
__Lsfr3               sfr3         0000
__Lstrings            strings      0000
__Ltext               text         0000
__S0                  (abs)        2008
__S1                  (abs)        007E
__S2                  (abs)        0000
___lwdiv              text120      06E8
___lwdiv@counter      cstackCOMMON 0077
___lwdiv@dividend     cstackCOMMON 0072
___lwdiv@divisor      cstackCOMMON 0070
___lwdiv@quotient     cstackCOMMON 0075
___lwmod              text119      06A4
___lwmod@counter      cstackCOMMON 0075
___lwmod@dividend     cstackCOMMON 0072
___lwmod@divisor      cstackCOMMON 0070
__end_of___lwdiv      text120      0736
__end_of___lwmod      text119      06E8
__end_of_delay        text121      06A4
__end_of_display      text118      0799
__end_of_main         maintext     0800
__pbssBANK0           bssBANK0     0020
__pcstackCOMMON       cstackCOMMON 0070
__pmaintext           maintext     0799
__pnvCOMMON           nvCOMMON     007C
__pstrings            strings      0003
__ptext118            text118      0736
__ptext119            text119      06A4
__ptext120            text120      06E8
__ptext121            text121      0685
__ptext122            text122      0000
__size_of___lwdiv     (abs)        0000
__size_of___lwmod     (abs)        0000
__size_of_delay       (abs)        0000
__size_of_display     (abs)        0000
__size_of_main        (abs)        0000
_a                    bssBANK0     0022
_chuc                 bssBANK0     0024
_delay                text121      0685
_dem                  nvCOMMON     007C
_display              text118      0736
_donvi                bssBANK0     0026
_exit                 init         0000
_main                 maintext     0799
_maled                strings      0009
btemp                 (abs)        007E
delay@a               cstackCOMMON 0070
delay@i               cstackCOMMON 0073
end_of_initialization cinit        0681
intlevel0             functab      0000
intlevel1             functab      0000
intlevel2             functab      0000
intlevel3             functab      0000
intlevel4             functab      0000
intlevel5             functab      0000
reset_vec             reset_vec    0000
start                 init         0000
start_initialization  cinit        0679
wtemp0                (abs)        007E
