HI-TECH Software C Compiler 

Linker command line:

--edf=C:\Program Files (x86)\HI-TECH Software\PICC\9.81\dat\en_msgs.txt -cs \
  -h+dist/default/production\FDFDFDF.X.production.sym -z -Q16F877A -ol.obj \
  -Mdist/default/production/FDFDFDF.X.production.map -E1 \
  -ACONST=00h-0FFhx32 -ACODE=00h-07FFhx4 -ASTRCODE=00h-01FFFh \
  -AENTRY=00h-0FFhx32 -ASTRING=00h-0FFhx32 -ABANK0=020h-06Fh \
  -ABANK1=0A0h-0EFh -ABANK2=0110h-016Fh -ABANK3=0190h-01EFh \
  -ARAM=020h-06Fh,0A0h-0EFh,0110h-016Fh,0190h-01EFh \
  -AABS1=020h-07Fh,0A0h-0EFh,0110h-016Fh,0190h-01EFh -ACOMMON=070h-07Fh \
  -ASFR0=00h-01Fh -ASFR1=080h-09Fh -ASFR2=0100h-010Fh -ASFR3=0180h-018Fh \
  -preset_vec=00h,intentry,init,end_init -ppowerup=CODE -pfunctab=CODE \
  -ACONFIG=02007h-02007h -pconfig=CONFIG -DCONFIG=2 -AIDLOC=02000h-02003h \
  -pidloc=IDLOC -DIDLOC=2 -AEEDATA=00h-0FFh/02100h -peeprom_data=EEDATA \
  -DEEDATA=2 -DCODE=2 -DSTRCODE=2 -DSTRING=2 -DCONST=2 -DENTRY=2 -k \
  C:\Users\tamin\AppData\Local\Temp\s6ps.obj \
  dist/default/production\FDFDFDF.X.production.obj 

Object code version is 3.10

Machine type is 16F877A



                Name                               Link     Load   Length Selector   Space Scale
C:\Users\tamin\AppData\Local\Temp\s6ps.obj
                end_init                              0        0        3        0       0
dist/default/production\FDFDFDF.X.production.obj
                config                             2007     2007        1     400E       0
                text190                             50A      50A        9      A14       0
                text189                             658      658      1A8      CB0       0
                text188                             548      548       1E      A90       0
                text187                             5DC      5DC       3E      BB8       0
                text186                             61A      61A       3E      C34       0
                text185                             566      566       1F      ACC       0
                text184                             585      585       21      B0A       0
                maintext                            5A6      5A6       36      B4C       0
                cstackCOMMON                         70       70        D       70       1
                inittext                            523      523       11      A46       0
                dataBANK0                            20       20       10       20       1
                bssBANK0                             30       30        1       20       1
                bssCOMMON                            7D       7D        1       70       1
                cinit                               534      534       14      A68       0
                strings                               3        3       17        6       0
                idataBANK0                          513      513       10      A26       0

TOTAL           Name                               Link     Load   Length     Space
        CLASS   CONST          

        CLASS   CODE           
                end_init                              0        0        3         0
                text190                             50A      50A        9         0
                text189                             658      658      1A8         0
                text188                             548      548       1E         0
                text187                             5DC      5DC       3E         0
                text186                             61A      61A       3E         0
                text185                             566      566       1F         0
                text184                             585      585       21         0
                maintext                            5A6      5A6       36         0
                inittext                            523      523       11         0
                cinit                               534      534       14         0
                idataBANK0                          513      513       10         0

        CLASS   STRCODE        

        CLASS   ENTRY          

        CLASS   STRING         
                strings                               3        3       17         0

        CLASS   BANK0          
                dataBANK0                            20       20       10         1
                bssBANK0                             30       30        1         1

        CLASS   BANK1          

        CLASS   BANK2          

        CLASS   BANK3          

        CLASS   RAM            

        CLASS   ABS1           
                abs_s1                               7E       7E        2         1

        CLASS   COMMON         
                cstackCOMMON                         70       70        D         1
                bssCOMMON                            7D       7D        1         1

        CLASS   SFR0           

        CLASS   SFR1           

        CLASS   SFR2           

        CLASS   SFR3           

        CLASS   CONFIG         
                config                             2007     2007        1         0

        CLASS   IDLOC          

        CLASS   EEDATA         



SEGMENTS        Name                           Load    Length   Top    Selector   Space  Class     Delta

                reset_vec                      000000  000003  000003         0       0  CODE        2
                strings                        000003  000017  00001A         6       0  STRING      2
                dataBANK0                      000020  000011  000031        20       1  BANK0       1
                cstackCOMMON                   000070  00000E  00007E        70       1  COMMON      1
                text190                        00050A  000009  000513       A14       0  CODE        2
                idataBANK0                     000513  000010  000523       A26       0  CODE        2
                inittext                       000523  000011  000534       A46       0  CODE        2
                cinit                          000534  000014  000548       A68       0  CODE        2
                text188                        000548  00001E  000566       A90       0  CODE        2
                text185                        000566  00001F  000585       ACC       0  CODE        2
                text184                        000585  000021  0005A6       B0A       0  CODE        2
                maintext                       0005A6  000036  0005DC       B4C       0  CODE        2
                text187                        0005DC  00003E  00061A       BB8       0  CODE        2
                text186                        00061A  00003E  000658       C34       0  CODE        2
                text189                        000658  0001A8  000800       CB0       0  CODE        2
                config                         002007  000001  002008      400E       0  CONFIG      2


UNUSED ADDRESS RANGES

        Name                Unused          Largest block    Delta
        BANK0            0031-006F             3F           1
        BANK1            00A0-00EF             50           1
        BANK2            0110-016F             60           1
        BANK3            0190-01EF             60           1
        CODE             001A-0509            4F0           2
                         0800-1FFF            800
        CONST            001A-0509            100           2
                         0800-1FFF            100
        EEDATA           2100-21FF            100           2
        ENTRY            001A-0509            100           2
                         0800-1FFF            100
        IDLOC            2000-2003              4           2
        RAM              0031-006F             3F           1
                         00A0-00EF             50
                         0110-016F             60
                         0190-01EF             60
        SFR0             0000-001F             20           1
        SFR1             0080-009F             20           1
        SFR2             0100-010F             10           1
        SFR3             0180-018F             10           1
        STRCODE          001A-0509            4F0           2
                         0800-1FFF           1800
        STRING           001A-0509            100           2
                         0800-1FFF            100

                                  Symbol Table

??_cmd                cstackCOMMON 0072
??_dat                cstackCOMMON 0072
??_key                cstackCOMMON 0070
??_keyinit            cstackCOMMON 0070
??_lcd_delay          cstackCOMMON 0070
??_lcd_init           cstackCOMMON 0075
??_main               cstackCOMMON 007B
??_show               cstackCOMMON 0075
?_cmd                 cstackCOMMON 0070
?_dat                 cstackCOMMON 0070
?_key                 cstackCOMMON 0070
?_keyinit             cstackCOMMON 0070
?_lcd_delay           cstackCOMMON 0070
?_lcd_init            cstackCOMMON 0070
?_main                cstackCOMMON 0070
?_show                cstackCOMMON 0070
_OPTION_REG           (abs)        0081
_PORTB                (abs)        0006
_PORTD                (abs)        0008
_RB0                  (abs)        0030
_RB1                  (abs)        0031
_RB2                  (abs)        0032
_RB3                  (abs)        0033
_RB4                  (abs)        0034
_RB5                  (abs)        0035
_RB6                  (abs)        0036
_RB7                  (abs)        0037
_RC0                  (abs)        0038
_RC1                  (abs)        0039
_RC5                  (abs)        003D
_TRISB                (abs)        0086
_TRISC0               (abs)        0438
_TRISC1               (abs)        0439
_TRISC5               (abs)        043D
_TRISD                (abs)        0088
__Habs1               abs1         0000
__Hbank0              bank0        0000
__Hbank1              bank1        0000
__Hbank2              bank2        0000
__Hbank3              bank3        0000
__HbssBANK0           bssBANK0     0000
__HbssCOMMON          bssCOMMON    0000
__Hcinit              cinit        0000
__Hclrtext            clrtext      0000
__Hcode               code         0000
__Hcommon             common       0000
__Hconfig             config       2008
__HcstackCOMMON       cstackCOMMON 0000
__HdataBANK0          dataBANK0    0000
__Heeprom_data        eeprom_data  0000
__Hend_init           end_init     0003
__Hfunctab            functab      0000
__HidataBANK0         idataBANK0   0000
__Hidloc              idloc        0000
__Hinit               init         0000
__Hinittext           inittext     0000
__Hintentry           intentry     0000
__Hmaintext           maintext     0000
__Hpowerup            powerup      0000
__Hram                ram          0000
__Hreset_vec          reset_vec    0000
__Hsfr0               sfr0         0000
__Hsfr1               sfr1         0000
__Hsfr2               sfr2         0000
__Hsfr3               sfr3         0000
__Hstrings            strings      0000
__Htext               text         0000
__Labs1               abs1         0000
__Lbank0              bank0        0000
__Lbank1              bank1        0000
__Lbank2              bank2        0000
__Lbank3              bank3        0000
__LbssBANK0           bssBANK0     0000
__LbssCOMMON          bssCOMMON    0000
__Lcinit              cinit        0000
__Lclrtext            clrtext      0000
__Lcode               code         0000
__Lcommon             common       0000
__Lconfig             config       2007
__LcstackCOMMON       cstackCOMMON 0000
__LdataBANK0          dataBANK0    0000
__Leeprom_data        eeprom_data  0000
__Lend_init           end_init     0000
__Lfunctab            functab      0000
__LidataBANK0         idataBANK0   0000
__Lidloc              idloc        0000
__Linit               init         0000
__Linittext           inittext     0000
__Lintentry           intentry     0000
__Lmaintext           maintext     0000
__Lpowerup            powerup      0000
__Lram                ram          0000
__Lreset_vec          reset_vec    0000
__Lsfr0               sfr0         0000
__Lsfr1               sfr1         0000
__Lsfr2               sfr2         0000
__Lsfr3               sfr3         0000
__Lstrings            strings      0000
__Ltext               text         0000
__S0                  (abs)        2008
__S1                  (abs)        007E
__S2                  (abs)        0000
__end_of_cmd          text187      061A
__end_of_dat          text186      0658
__end_of_key          text189      0800
__end_of_keyinit      text190      0513
__end_of_lcd_delay    text188      0566
__end_of_lcd_init     text185      0585
__end_of_main         maintext     05DC
__end_of_show         text184      05A6
__pbssBANK0           bssBANK0     0030
__pbssCOMMON          bssCOMMON    007D
__pcstackCOMMON       cstackCOMMON 0070
__pdataBANK0          dataBANK0    0020
__pidataBANK0         idataBANK0   0513
__pmaintext           maintext     05A6
__pstrings            strings      0003
__ptext184            text184      0585
__ptext185            text185      0566
__ptext186            text186      061A
__ptext187            text187      05DC
__ptext188            text188      0548
__ptext189            text189      0658
__ptext190            text190      050A
__ptext191            text191      0000
__size_of_cmd         (abs)        0000
__size_of_dat         (abs)        0000
__size_of_key         (abs)        0000
__size_of_keyinit     (abs)        0000
__size_of_lcd_delay   (abs)        0000
__size_of_lcd_init    (abs)        0000
__size_of_main        (abs)        0000
__size_of_show        (abs)        0000
_cmd                  text187      05DC
_colloc               bssBANK0     0030
_dat                  text186      061A
_exit                 init         0000
_key                  text189      0658
_keyinit              text190      050A
_keypad               dataBANK0    0020
_lcd_delay            text188      0548
_lcd_init             text185      0566
_main                 maintext     05A6
_rowloc               bssCOMMON    007D
_show                 text184      0585
btemp                 (abs)        007E
cmd@a                 cstackCOMMON 0074
dat@b                 cstackCOMMON 0074
end_of_initialization cinit        0544
init_fetch            inittext     0523
init_ram              inittext     0527
intlevel0             functab      0000
intlevel1             functab      0000
intlevel2             functab      0000
intlevel3             functab      0000
intlevel4             functab      0000
intlevel5             functab      0000
key@i                 cstackCOMMON 0073
key@i_1242            cstackCOMMON 0075
key@i_1243            cstackCOMMON 0077
key@i_1244            cstackCOMMON 0079
lcd_delay@lcd_delay   cstackCOMMON 0070
main@b                cstackCOMMON 007C
reset_vec             reset_vec    0000
show@s                cstackCOMMON 0076
start                 init         0000
start_initialization  cinit        0534
wtemp0                (abs)        007E
