Microchip MPLAB XC8 Compiler V2.31

Linker command line:

--edf=C:\Program Files\Microchip\xc8\v2.31\pic\dat\en_msgs.txt -cn \
  -h+dist/default/production\timer.X.production.sym \
  --cmf=dist/default/production\timer.X.production.cmf -z -QMCP19110 \
  -oC:\Users\tamin\AppData\Local\Temp\s5mk.2 \
  -Mdist/default/production/timer.X.production.map -E1 -ver=XC8 Compiler \
  -ASTACK=020h-06Fh -pstack=STACK -ACODE=00h-07FFh,0800h-0FFEh \
  -ASTRCODE=00h-0FFEh -ASTRING=00h-0FFhx15,0F00h-0FFEh \
  -ACONST=00h-0FFhx15,0F00h-0FFEh -AENTRY=00h-0FFhx15,0F00h-0FFEh \
  -ACOMMON=070h-07Fh -ABANK0=020h-06Fh -ABANK1=0A0h-0EFh \
  -ABANK2=0120h-016Fh -ARAM=020h-06Fh,0A0h-0EFh,0120h-016Fh \
  -AABS1=020h-07Fh,0A0h-0EFh,0120h-016Fh -ASFR0=00h-01Fh -ASFR1=080h-09Fh \
  -ASFR2=0100h-011Fh -ASFR3=0180h-01EFh -ACONFIG=02007h-02007h -DCONFIG=2 \
  -AIDLOC=02000h-02003h -DIDLOC=2 -DCODE=2 -DSTRCODE=2 -DSTRING=2 -DCONST=2 \
  -DENTRY=2 -preset_vec=00h,intentry,init,end_init -ppowerup=CODE \
  -pcinit=CODE -pfunctab=ENTRY -posccal=0FFFh -k \
  C:\Users\tamin\AppData\Local\Temp\s5mk.obj \
  dist/default/production\timer.X.production.obj 

Object code version is 3.11

Machine type is MCP19110



                Name                               Link     Load   Length Selector   Space Scale
C:\Users\tamin\AppData\Local\Temp\s5mk.obj
                end_init                              0        0        2        0       0
dist/default/production\timer.X.production.obj
                cinit                               7FD      7FD        3      FFA       0
                text1                               7E2      7E2       1B      FC4       0
                maintext                            7CF      7CF       13      F9E       0
                cstackCOMMON                         70       70        2       70       1

TOTAL           Name                               Link     Load   Length     Space
        CLASS   STACK          

        CLASS   CODE           
                end_init                              0        0        2         0
                cinit                               7FD      7FD        3         0
                text1                               7E2      7E2       1B         0
                maintext                            7CF      7CF       13         0

        CLASS   STRCODE        

        CLASS   STRING         

        CLASS   CONST          

        CLASS   ENTRY          

        CLASS   COMMON         
                cstackCOMMON                         70       70        2         1

        CLASS   BANK0          

        CLASS   BANK1          

        CLASS   BANK2          

        CLASS   RAM            

        CLASS   ABS1           
                abs_s1                               7E       7E        2         1

        CLASS   SFR0           

        CLASS   SFR1           

        CLASS   SFR2           

        CLASS   SFR3           

        CLASS   CONFIG         

        CLASS   IDLOC          

        CLASS   BANK3          

        CLASS   EEDATA         



SEGMENTS        Name                           Load    Length   Top    Selector   Space  Class     Delta

                reset_vec                      000000  000002  000002         0       0  CODE        2
                cstackCOMMON                   000070  000002  000072        70       1  COMMON      1
                maintext                       0007CF  000013  0007E2       F9E       0  CODE        2
                text1                          0007E2  00001B  0007FD       FC4       0  CODE        2
                cinit                          0007FD  000003  000800       FFA       0  CODE        2


UNUSED ADDRESS RANGES

        Name                Unused          Largest block    Delta
        BANK0            0020-006F             50           1
        BANK1            00A0-00EF             50           1
        BANK2            0120-016F             50           1
        CODE             0002-07CE            7CD           2
                         0800-0FFE            7FF
        COMMON           0072-007D              C           1
        CONFIG           2007-2007              1           2
        CONST            0002-07CE            100           2
                         0800-0FFE            100
        ENTRY            0002-07CE            100           2
                         0800-0FFE            100
        IDLOC            2000-2003              4           2
        RAM              0020-006F             50           1
                         00A0-00EF             50
                         0120-016F             50
        SFR0             0000-001F             20           1
        SFR1             0080-009F             20           1
        SFR2             0100-011F             20           1
        SFR3             0180-01EF             70           1
        STACK            0020-006F             50           1
        STRCODE          0002-07CE            7CD           2
                         0800-0FFE            7FF
        STRING           0002-07CE            100           2
                         0800-0FFE            100

                                  Symbol Table

_PORTB                   (abs)        0006
_T1CON                   (abs)        000E
_TMR1H                   (abs)        000D
_TMR1IF                  (abs)        0038
_TMR1L                   (abs)        000C
_TRISB                   (abs)        0086
__Habs1                  abs1         1FFE
__Hbank0                 bank0        1FFE
__Hbank1                 bank1        1FFE
__Hbank2                 bank2        1FFE
__Hbank3                 bank3        1FFE
__Hcinit                 cinit        0800
__Hclrtext               clrtext      1FFE
__Hcode                  code         1FFE
__Hcommon                common       1FFE
__HcstackCOMMON          cstackCOMMON 1FFE
__Heeprom_data           eeprom_data  0FFF
__Hend_init              end_init     0002
__Hfunctab               functab      0000
__Hinit                  init         0000
__Hintentry              intentry     0000
__Hmaintext              maintext     1FFE
__Hosccal                osccal       0FFF
__Hpowerup               powerup      0000
__Hram                   ram          1FFE
__Hreset_vec             reset_vec    0000
__Hsfr0                  sfr0         1FFE
__Hsfr1                  sfr1         1FFE
__Hsfr2                  sfr2         1FFE
__Hsfr3                  sfr3         1FFE
__Hspace_0               (abs)        1FFE
__Hspace_1               (abs)        1FFE
__Hspace_2               (abs)        0000
__Hspace_3               (abs)        0FFF
__Hstack                 stack        0000
__Hstrings               strings      1FFE
__Htext                  text         1FFE
__Labs1                  abs1         1FFE
__Lbank0                 bank0        1FFE
__Lbank1                 bank1        1FFE
__Lbank2                 bank2        1FFE
__Lbank3                 bank3        1FFE
__Lcinit                 cinit        07FD
__Lclrtext               clrtext      1FFE
__Lcode                  code         1FFE
__Lcommon                common       1FFE
__LcstackCOMMON          cstackCOMMON 1FFE
__Leeprom_data           eeprom_data  0FFF
__Lend_init              end_init     0000
__Lfunctab               functab      0000
__Linit                  init         0000
__Lintentry              intentry     0000
__Lmaintext              maintext     1FFE
__Losccal                osccal       0FFF
__Lpowerup               powerup      0000
__Lram                   ram          1FFE
__Lreset_vec             reset_vec    0000
__Lsfr0                  sfr0         1FFE
__Lsfr1                  sfr1         1FFE
__Lsfr2                  sfr2         1FFE
__Lsfr3                  sfr3         1FFE
__Lspace_0               (abs)        0000
__Lspace_1               (abs)        0000
__Lspace_2               (abs)        0000
__Lspace_3               (abs)        0000
__Lstack                 stack        0000
__Lstrings               strings      1FFE
__Ltext                  text         1FFE
__S0                     (abs)        0800
__S1                     (abs)        0072
__S2                     (abs)        0000
___int_sp                stack        0000
___latbits               (abs)        0001
___osccal_val            osccal       0FFF
___sp                    stack        0000
___stackhi               (abs)        0000
___stacklo               (abs)        0000
__end_of__initialization cinit        07FD
__end_of_main            maintext     07E2
__end_of_t1delay         text1        07FD
__initialization         cinit        07FD
__pcstackCOMMON          cstackCOMMON 0070
__pmaintext              maintext     07CF
__ptext1                 text1        07E2
__size_of_main           (abs)        0000
__size_of_t1delay        (abs)        0000
_main                    maintext     07CF
_t1delay                 text1        07E2
btemp                    (abs)        007E
end_of_initialization    cinit        07FD
intlevel0                functab      0000
intlevel1                functab      0000
intlevel2                functab      0000
intlevel3                functab      0000
intlevel4                functab      0000
intlevel5                functab      0000
reset_vec                reset_vec    0000
start                    init         0000
start_initialization     cinit        07FD
t1delay@i                cstackCOMMON 0070
wtemp0                   (abs)        007E


FUNCTION INFORMATION:

 *************** function _main *****************
 Defined at:
		line 14 in file "newmain.c"
 Parameters:    Size  Location     Type
		None
 Auto vars:     Size  Location     Type
		None
 Return value:  Size  Location     Type
                  1    wreg      void 
 Registers used:
		wreg, status,2, status,0, btemp+1, pclath, cstack
 Tracked objects:
		On entry : 
		On exit  : 
		Unchanged: 
 Data sizes:     COMMON   BANK0   BANK1   BANK2
      Params:         0       0       0       0
      Locals:         0       0       0       0
      Temps:          0       0       0       0
      Totals:         0       0       0       0
Total ram usage:        0 bytes
 Hardware stack levels required when called:    1
 This function calls:
		_t1delay
 This function is called by:
		Startup code after reset
 This function uses a non-reentrant model


 *************** function _t1delay *****************
 Defined at:
		line 35 in file "newmain.c"
 Parameters:    Size  Location     Type
		None
 Auto vars:     Size  Location     Type
  i               2    0[COMMON] int 
 Return value:  Size  Location     Type
                  1    wreg      void 
 Registers used:
		wreg, status,2, btemp+1
 Tracked objects:
		On entry : 
		On exit  : 
		Unchanged: 
 Data sizes:     COMMON   BANK0   BANK1   BANK2
      Params:         0       0       0       0
      Locals:         2       0       0       0
      Temps:          0       0       0       0
      Totals:         2       0       0       0
Total ram usage:        2 bytes
 Hardware stack levels used:    1
 This function calls:
		Nothing
 This function is called by:
		_main
 This function uses a non-reentrant model



MODULE INFORMATION

Module		Function		Class		Link	Load	Size
newmain.c
		_main          		CODE           	07CF	0000	19
		_t1delay       		CODE           	07E2	0000	27

newmain.c estimated size: 46

shared
		__initialization		CODE           	07FD	0000	1

shared estimated size: 1

