HI-TECH Software C Compiler 

Linker command line:

--edf=C:\Program Files (x86)\HI-TECH Software\PICC\9.81\dat\en_msgs.txt -cs \
  -h+dist/default/production\ADC_2.20.X.production.sym -z -Q16F877A -ol.obj \
  -Mdist/default/production/ADC_2.20.X.production.map -E1 \
  -ACONST=00h-0FFhx32 -ACODE=00h-07FFhx4 -ASTRCODE=00h-01FFFh \
  -AENTRY=00h-0FFhx32 -ASTRING=00h-0FFhx32 -ABANK0=020h-06Fh \
  -ABANK1=0A0h-0EFh -ABANK2=0110h-016Fh -ABANK3=0190h-01EFh \
  -ARAM=020h-06Fh,0A0h-0EFh,0110h-016Fh,0190h-01EFh \
  -AABS1=020h-07Fh,0A0h-0EFh,0110h-016Fh,0190h-01EFh -ACOMMON=070h-07Fh \
  -ASFR0=00h-01Fh -ASFR1=080h-09Fh -ASFR2=0100h-010Fh -ASFR3=0180h-018Fh \
  -preset_vec=00h,intentry,init,end_init -ppowerup=CODE -pfunctab=CODE \
  -ACONFIG=02007h-02007h -pconfig=CONFIG -DCONFIG=2 -AIDLOC=02000h-02003h \
  -pidloc=IDLOC -DIDLOC=2 -AEEDATA=00h-0FFh/02100h -peeprom_data=EEDATA \
  -DEEDATA=2 -DCODE=2 -DSTRCODE=2 -DSTRING=2 -DCONST=2 -DENTRY=2 -k \
  C:\Users\tamin\AppData\Local\Temp\s734.obj \
  dist/default/production\ADC_2.20.X.production.obj 

Object code version is 3.10

Machine type is 16F877A



                Name                               Link     Load   Length Selector   Space Scale
C:\Users\tamin\AppData\Local\Temp\s734.obj
                end_init                              0        0        3        0       0
dist/default/production\ADC_2.20.X.production.obj
                config                             2007     2007        1     400E       0
                text209                             5BC      5BC       1E      B78       0
                text208                             5B2      5B2        A      B64       0
                text207                             6FB      6FB       4E      DF6       0
                text206                             6B7      6B7       44      D6E       0
                text205                             63B      63B       3E      C76       0
                text204                             679      679       3E      CF2       0
                text203                             5DA      5DA       1F      BB4       0
                text202                             5F9      5F9       21      BF2       0
                text201                             749      749       B7      E92       0
                maintext                            61A      61A       21      C34       0
                cstackBANK0                          20       20        6       20       1
                cstackCOMMON                         70       70        E       70       1
                cinit                               5AE      5AE        4      B5C       0
                strings                               3        3        D        6       0

TOTAL           Name                               Link     Load   Length     Space
        CLASS   CONST          

        CLASS   CODE           
                end_init                              0        0        3         0
                text209                             5BC      5BC       1E         0
                text208                             5B2      5B2        A         0
                text207                             6FB      6FB       4E         0
                text206                             6B7      6B7       44         0
                text205                             63B      63B       3E         0
                text204                             679      679       3E         0
                text203                             5DA      5DA       1F         0
                text202                             5F9      5F9       21         0
                text201                             749      749       B7         0
                maintext                            61A      61A       21         0
                cinit                               5AE      5AE        4         0

        CLASS   STRCODE        

        CLASS   ENTRY          

        CLASS   STRING         
                strings                               3        3        D         0

        CLASS   BANK0          
                cstackBANK0                          20       20        6         1

        CLASS   BANK1          

        CLASS   BANK2          

        CLASS   BANK3          

        CLASS   RAM            

        CLASS   ABS1           
                abs_s1                               7E       7E        2         1

        CLASS   COMMON         
                cstackCOMMON                         70       70        E         1

        CLASS   SFR0           

        CLASS   SFR1           

        CLASS   SFR2           

        CLASS   SFR3           

        CLASS   CONFIG         
                config                             2007     2007        1         0

        CLASS   IDLOC          

        CLASS   EEDATA         



SEGMENTS        Name                           Load    Length   Top    Selector   Space  Class     Delta

                reset_vec                      000000  000003  000003         0       0  CODE        2
                strings                        000003  00000D  000010         6       0  STRING      2
                cstackBANK0                    000020  000006  000026        20       1  BANK0       1
                cstackCOMMON                   000070  00000E  00007E        70       1  COMMON      1
                cinit                          0005AE  000004  0005B2       B5C       0  CODE        2
                text208                        0005B2  00000A  0005BC       B64       0  CODE        2
                text209                        0005BC  00001E  0005DA       B78       0  CODE        2
                text203                        0005DA  00001F  0005F9       BB4       0  CODE        2
                text202                        0005F9  000021  00061A       BF2       0  CODE        2
                maintext                       00061A  000021  00063B       C34       0  CODE        2
                text205                        00063B  00003E  000679       C76       0  CODE        2
                text204                        000679  00003E  0006B7       CF2       0  CODE        2
                text206                        0006B7  000044  0006FB       D6E       0  CODE        2
                text207                        0006FB  00004E  000749       DF6       0  CODE        2
                text201                        000749  0000B7  000800       E92       0  CODE        2
                config                         002007  000001  002008      400E       0  CONFIG      2


UNUSED ADDRESS RANGES

        Name                Unused          Largest block    Delta
        BANK0            0026-006F             4A           1
        BANK1            00A0-00EF             50           1
        BANK2            0110-016F             60           1
        BANK3            0190-01EF             60           1
        CODE             0010-05AD            59E           2
                         0800-1FFF            800
        CONST            0010-05AD            100           2
                         0800-1FFF            100
        EEDATA           2100-21FF            100           2
        ENTRY            0010-05AD            100           2
                         0800-1FFF            100
        IDLOC            2000-2003              4           2
        RAM              0026-006F             4A           1
                         00A0-00EF             50
                         0110-016F             60
                         0190-01EF             60
        SFR0             0000-001F             20           1
        SFR1             0080-009F             20           1
        SFR2             0100-010F             10           1
        SFR3             0180-018F             10           1
        STRCODE          0010-05AD            59E           2
                         0800-1FFF           1800
        STRING           0010-05AD            100           2
                         0800-1FFF            100

                                  Symbol Table

??___lwdiv            cstackCOMMON 0074
??___lwmod            cstackCOMMON 007C
??_adc                cstackBANK0  0020
??_cmd                cstackCOMMON 0072
??_dat                cstackCOMMON 0072
??_lcd_delay          cstackCOMMON 0070
??_lcd_init           cstackCOMMON 0075
??_main               cstackCOMMON 007E
??_setup              cstackCOMMON 0070
??_show               cstackCOMMON 0075
?___lwdiv             cstackCOMMON 0070
?___lwmod             cstackCOMMON 0078
?_adc                 cstackCOMMON 0070
?_cmd                 cstackCOMMON 0070
?_dat                 cstackCOMMON 0070
?_lcd_delay           cstackCOMMON 0070
?_lcd_init            cstackCOMMON 0070
?_main                cstackCOMMON 0070
?_setup               cstackCOMMON 0070
?_show                cstackCOMMON 0070
_ADCON0               (abs)        001F
_ADCON1               (abs)        009F
_ADRESH               (abs)        001E
_ADRESL               (abs)        009E
_GO_nDONE             (abs)        00FA
_PORTB                (abs)        0006
_RC0                  (abs)        0038
_RC1                  (abs)        0039
_TRISA0               (abs)        0428
_TRISB                (abs)        0086
_TRISC0               (abs)        0438
_TRISC1               (abs)        0439
__Habs1               abs1         0000
__Hbank0              bank0        0000
__Hbank1              bank1        0000
__Hbank2              bank2        0000
__Hbank3              bank3        0000
__Hcinit              cinit        0000
__Hclrtext            clrtext      0000
__Hcode               code         0000
__Hcommon             common       0000
__Hconfig             config       2008
__HcstackBANK0        cstackBANK0  0000
__HcstackCOMMON       cstackCOMMON 0000
__Heeprom_data        eeprom_data  0000
__Hend_init           end_init     0003
__Hfunctab            functab      0000
__Hidloc              idloc        0000
__Hinit               init         0000
__Hintentry           intentry     0000
__Hmaintext           maintext     0000
__Hpowerup            powerup      0000
__Hram                ram          0000
__Hreset_vec          reset_vec    0000
__Hsfr0               sfr0         0000
__Hsfr1               sfr1         0000
__Hsfr2               sfr2         0000
__Hsfr3               sfr3         0000
__Hstrings            strings      0000
__Htext               text         0000
__Labs1               abs1         0000
__Lbank0              bank0        0000
__Lbank1              bank1        0000
__Lbank2              bank2        0000
__Lbank3              bank3        0000
__Lcinit              cinit        0000
__Lclrtext            clrtext      0000
__Lcode               code         0000
__Lcommon             common       0000
__Lconfig             config       2007
__LcstackBANK0        cstackBANK0  0000
__LcstackCOMMON       cstackCOMMON 0000
__Leeprom_data        eeprom_data  0000
__Lend_init           end_init     0000
__Lfunctab            functab      0000
__Lidloc              idloc        0000
__Linit               init         0000
__Lintentry           intentry     0000
__Lmaintext           maintext     0000
__Lpowerup            powerup      0000
__Lram                ram          0000
__Lreset_vec          reset_vec    0000
__Lsfr0               sfr0         0000
__Lsfr1               sfr1         0000
__Lsfr2               sfr2         0000
__Lsfr3               sfr3         0000
__Lstrings            strings      0000
__Ltext               text         0000
__S0                  (abs)        2008
__S1                  (abs)        007E
__S2                  (abs)        0000
___lwdiv              text207      06FB
___lwdiv@counter      cstackCOMMON 0077
___lwdiv@dividend     cstackCOMMON 0072
___lwdiv@divisor      cstackCOMMON 0070
___lwdiv@quotient     cstackCOMMON 0075
___lwmod              text206      06B7
___lwmod@counter      cstackCOMMON 007D
___lwmod@dividend     cstackCOMMON 007A
___lwmod@divisor      cstackCOMMON 0078
__end_of___lwdiv      text207      0749
__end_of___lwmod      text206      06FB
__end_of_adc          text201      0800
__end_of_cmd          text205      0679
__end_of_dat          text204      06B7
__end_of_lcd_delay    text209      05DA
__end_of_lcd_init     text203      05F9
__end_of_main         maintext     063B
__end_of_setup        text208      05BC
__end_of_show         text202      061A
__pcstackBANK0        cstackBANK0  0020
__pcstackCOMMON       cstackCOMMON 0070
__pmaintext           maintext     061A
__pstrings            strings      0003
__ptext200            text200      0000
__ptext201            text201      0749
__ptext202            text202      05F9
__ptext203            text203      05DA
__ptext204            text204      0679
__ptext205            text205      063B
__ptext206            text206      06B7
__ptext207            text207      06FB
__ptext208            text208      05B2
__ptext209            text209      05BC
__ptext210            text210      0000
__size_of___lwdiv     (abs)        0000
__size_of___lwmod     (abs)        0000
__size_of_adc         (abs)        0000
__size_of_cmd         (abs)        0000
__size_of_dat         (abs)        0000
__size_of_lcd_delay   (abs)        0000
__size_of_lcd_init    (abs)        0000
__size_of_main        (abs)        0000
__size_of_setup       (abs)        0000
__size_of_show        (abs)        0000
_adc                  text201      0749
_cmd                  text205      063B
_dat                  text204      0679
_exit                 init         0000
_lcd_delay            text209      05BC
_lcd_init             text203      05DA
_main                 maintext     061A
_setup                text208      05B2
_show                 text202      05F9
adc@adcval            cstackBANK0  0024
btemp                 (abs)        007E
cmd@a                 cstackCOMMON 0074
dat@b                 cstackCOMMON 0074
end_of_initialization cinit        05AE
intlevel0             functab      0000
intlevel1             functab      0000
intlevel2             functab      0000
intlevel3             functab      0000
intlevel4             functab      0000
intlevel5             functab      0000
lcd_delay@lcd_delay   cstackCOMMON 0070
reset_vec             reset_vec    0000
show@s                cstackCOMMON 0076
start                 init         0000
start_initialization  cinit        05AE
wtemp0                (abs)        007E
