HI-TECH Software C Compiler 

Linker command line:

--edf=C:\Program Files (x86)\HI-TECH Software\PICC\9.81\dat\en_msgs.txt -cs \
  -h+dist/default/production\btvn.X.production.sym -z -Q16F877A -ol.obj \
  -Mdist/default/production/btvn.X.production.map -E1 -ACONST=00h-0FFhx32 \
  -ACODE=00h-07FFhx4 -ASTRCODE=00h-01FFFh -AENTRY=00h-0FFhx32 \
  -ASTRING=00h-0FFhx32 -ABANK0=020h-06Fh -ABANK1=0A0h-0EFh \
  -ABANK2=0110h-016Fh -ABANK3=0190h-01EFh \
  -ARAM=020h-06Fh,0A0h-0EFh,0110h-016Fh,0190h-01EFh \
  -AABS1=020h-07Fh,0A0h-0EFh,0110h-016Fh,0190h-01EFh -ACOMMON=070h-07Fh \
  -ASFR0=00h-01Fh -ASFR1=080h-09Fh -ASFR2=0100h-010Fh -ASFR3=0180h-018Fh \
  -preset_vec=00h,intentry,init,end_init -ppowerup=CODE -pfunctab=CODE \
  -ACONFIG=02007h-02007h -pconfig=CONFIG -DCONFIG=2 -AIDLOC=02000h-02003h \
  -pidloc=IDLOC -DIDLOC=2 -AEEDATA=00h-0FFh/02100h -peeprom_data=EEDATA \
  -DEEDATA=2 -DCODE=2 -DSTRCODE=2 -DSTRING=2 -DCONST=2 -DENTRY=2 -k \
  C:\Users\tamin\AppData\Local\Temp\sbeg.obj \
  dist/default/production\btvn.X.production.obj 

Object code version is 3.10

Machine type is 16F877A



                Name                               Link     Load   Length Selector   Space Scale
C:\Users\tamin\AppData\Local\Temp\sbeg.obj
                end_init                              0        0        3        0       0
dist/default/production\btvn.X.production.obj
                text146                             7B5      7B5       25      F6A       0
                text145                             7DA      7DA       26      FB4       0
                text144                             793      793       22      F26       0
                text143                             71C      71C        4      E38       0
                text142                             724      724        6      E48       0
                text141                             72A      72A       19      E54       0
                text140                             743      743       19      E86       0
                text139                             75C      75C       19      EB8       0
                maintext                            775      775       1E      EEA       0
                cstackCOMMON                         70       70        5       70       1
                cinit                               720      720        4      E40       0

TOTAL           Name                               Link     Load   Length     Space
        CLASS   CONST          

        CLASS   CODE           
                end_init                              0        0        3         0
                text146                             7B5      7B5       25         0
                text145                             7DA      7DA       26         0
                text144                             793      793       22         0
                text143                             71C      71C        4         0
                text142                             724      724        6         0
                text141                             72A      72A       19         0
                text140                             743      743       19         0
                text139                             75C      75C       19         0
                maintext                            775      775       1E         0
                cinit                               720      720        4         0

        CLASS   STRCODE        

        CLASS   ENTRY          

        CLASS   STRING         

        CLASS   BANK0          

        CLASS   BANK1          

        CLASS   BANK2          

        CLASS   BANK3          

        CLASS   RAM            

        CLASS   ABS1           
                abs_s1                               7E       7E        2         1

        CLASS   COMMON         
                cstackCOMMON                         70       70        5         1

        CLASS   SFR0           

        CLASS   SFR1           

        CLASS   SFR2           

        CLASS   SFR3           

        CLASS   CONFIG         

        CLASS   IDLOC          

        CLASS   EEDATA         



SEGMENTS        Name                           Load    Length   Top    Selector   Space  Class     Delta

                reset_vec                      000000  000003  000003         0       0  CODE        2
                cstackCOMMON                   000070  000005  000075        70       1  COMMON      1
                text143                        00071C  000004  000720       E38       0  CODE        2
                cinit                          000720  000004  000724       E40       0  CODE        2
                text142                        000724  000006  00072A       E48       0  CODE        2
                text141                        00072A  000019  000743       E54       0  CODE        2
                text140                        000743  000019  00075C       E86       0  CODE        2
                text139                        00075C  000019  000775       EB8       0  CODE        2
                maintext                       000775  00001E  000793       EEA       0  CODE        2
                text144                        000793  000022  0007B5       F26       0  CODE        2
                text146                        0007B5  000025  0007DA       F6A       0  CODE        2
                text145                        0007DA  000026  000800       FB4       0  CODE        2


UNUSED ADDRESS RANGES

        Name                Unused          Largest block    Delta
        BANK0            0020-006F             50           1
        BANK1            00A0-00EF             50           1
        BANK2            0110-016F             60           1
        BANK3            0190-01EF             60           1
        CODE             0003-071B            719           2
                         0800-1FFF            800
        COMMON           0075-007D              9           1
        CONFIG           2007-2007              1           2
        CONST            0003-071B            100           2
                         0800-1FFF            100
        EEDATA           2100-21FF            100           2
        ENTRY            0003-071B            100           2
                         0800-1FFF            100
        IDLOC            2000-2003              4           2
        RAM              0020-006F             50           1
                         00A0-00EF             50
                         0110-016F             60
                         0190-01EF             60
        SFR0             0000-001F             20           1
        SFR1             0080-009F             20           1
        SFR2             0100-010F             10           1
        SFR3             0180-018F             10           1
        STRCODE          0003-071B            719           2
                         0800-1FFF           1800
        STRING           0003-071B            100           2
                         0800-1FFF            100

                                  Symbol Table

??_led1               cstackCOMMON 0075
??_led2               cstackCOMMON 0075
??_led3               cstackCOMMON 0075
??_ledoff             cstackCOMMON 0070
??_main               cstackCOMMON 0075
??_setup              cstackCOMMON 0070
??_timer0             cstackCOMMON 0072
??_timer1             cstackCOMMON 0072
??_timer2             cstackCOMMON 0072
?_led1                cstackCOMMON 0070
?_led2                cstackCOMMON 0070
?_led3                cstackCOMMON 0070
?_ledoff              cstackCOMMON 0070
?_main                cstackCOMMON 0070
?_setup               cstackCOMMON 0070
?_timer0              cstackCOMMON 0070
?_timer1              cstackCOMMON 0070
?_timer2              cstackCOMMON 0070
_OPTION_REG           (abs)        0081
_RB0                  (abs)        0030
_RB3                  (abs)        0033
_RB6                  (abs)        0036
_T0IF                 (abs)        005A
_T1CON                (abs)        0010
_T2CON                (abs)        0012
_TMR1H                (abs)        000F
_TMR1IF               (abs)        0060
_TMR1L                (abs)        000E
_TMR2IF               (abs)        0061
_TRISB                (abs)        0086
__Habs1               abs1         0000
__Hbank0              bank0        0000
__Hbank1              bank1        0000
__Hbank2              bank2        0000
__Hbank3              bank3        0000
__Hcinit              cinit        0000
__Hclrtext            clrtext      0000
__Hcode               code         0000
__Hcommon             common       0000
__Hconfig             config       0000
__HcstackCOMMON       cstackCOMMON 0000
__Heeprom_data        eeprom_data  0000
__Hend_init           end_init     0003
__Hfunctab            functab      0000
__Hidloc              idloc        0000
__Hinit               init         0000
__Hintentry           intentry     0000
__Hmaintext           maintext     0000
__Hpowerup            powerup      0000
__Hram                ram          0000
__Hreset_vec          reset_vec    0000
__Hsfr0               sfr0         0000
__Hsfr1               sfr1         0000
__Hsfr2               sfr2         0000
__Hsfr3               sfr3         0000
__Hstrings            strings      0000
__Htext               text         0000
__Labs1               abs1         0000
__Lbank0              bank0        0000
__Lbank1              bank1        0000
__Lbank2              bank2        0000
__Lbank3              bank3        0000
__Lcinit              cinit        0000
__Lclrtext            clrtext      0000
__Lcode               code         0000
__Lcommon             common       0000
__Lconfig             config       0000
__LcstackCOMMON       cstackCOMMON 0000
__Leeprom_data        eeprom_data  0000
__Lend_init           end_init     0000
__Lfunctab            functab      0000
__Lidloc              idloc        0000
__Linit               init         0000
__Lintentry           intentry     0000
__Lmaintext           maintext     0000
__Lpowerup            powerup      0000
__Lram                ram          0000
__Lreset_vec          reset_vec    0000
__Lsfr0               sfr0         0000
__Lsfr1               sfr1         0000
__Lsfr2               sfr2         0000
__Lsfr3               sfr3         0000
__Lstrings            strings      0000
__Ltext               text         0000
__S0                  (abs)        0800
__S1                  (abs)        0075
__S2                  (abs)        0000
__end_of_led1         text141      0743
__end_of_led2         text140      075C
__end_of_led3         text139      0775
__end_of_ledoff       text142      072A
__end_of_main         maintext     0793
__end_of_setup        text143      0720
__end_of_timer0       text146      07DA
__end_of_timer1       text145      0800
__end_of_timer2       text144      07B5
__pcstackCOMMON       cstackCOMMON 0070
__pmaintext           maintext     0775
__ptext138            text138      0000
__ptext139            text139      075C
__ptext140            text140      0743
__ptext141            text141      072A
__ptext142            text142      0724
__ptext143            text143      071C
__ptext144            text144      0793
__ptext145            text145      07DA
__ptext146            text146      07B5
__ptext147            text147      0000
__size_of_led1        (abs)        0000
__size_of_led2        (abs)        0000
__size_of_led3        (abs)        0000
__size_of_ledoff      (abs)        0000
__size_of_main        (abs)        0000
__size_of_setup       (abs)        0000
__size_of_timer0      (abs)        0000
__size_of_timer1      (abs)        0000
__size_of_timer2      (abs)        0000
_exit                 init         0000
_led1                 text141      072A
_led2                 text140      0743
_led3                 text139      075C
_ledoff               text142      0724
_main                 maintext     0775
_setup                text143      071C
_timer0               text146      07B5
_timer1               text145      07DA
_timer2               text144      0793
btemp                 (abs)        007E
end_of_initialization cinit        0720
intlevel0             functab      0000
intlevel1             functab      0000
intlevel2             functab      0000
intlevel3             functab      0000
intlevel4             functab      0000
intlevel5             functab      0000
reset_vec             reset_vec    0000
start                 init         0000
start_initialization  cinit        0720
timer0@a              cstackCOMMON 0070
timer0@i              cstackCOMMON 0073
timer1@b              cstackCOMMON 0070
timer1@i              cstackCOMMON 0073
timer2@c              cstackCOMMON 0070
timer2@i              cstackCOMMON 0073
wtemp0                (abs)        007E
